// Jest Snapshot v1, https://goo.gl/fbAQLP

exports[`PropertyStatistics Jest tests PropertyStatistics Snapshot tests renders correctly and matches snapshot 1`] = `
<DocumentFragment>
  <div
    class="MuiGrid-root MuiGrid-container MuiGrid-direction-xs-row MuiGrid-spacing-xs-3 css-1bt52fc-MuiGrid-root"
  >
    <div
      class="MuiGrid-root MuiGrid-direction-xs-row MuiGrid-grid-xs-12 MuiGrid-grid-md-3 MuiGrid-grid-sm-6 css-17hq2y0-MuiGrid-root"
    >
      <span
        class="MuiSkeleton-root MuiSkeleton-text MuiSkeleton-pulse css-kkcbhd-MuiSkeleton-root"
        style="height: 5rem;"
      />
    </div>
    <div
      class="MuiGrid-root MuiGrid-direction-xs-row MuiGrid-grid-xs-12 MuiGrid-grid-md-3 MuiGrid-grid-sm-6 css-17hq2y0-MuiGrid-root"
    >
      <span
        class="MuiSkeleton-root MuiSkeleton-text MuiSkeleton-pulse css-kkcbhd-MuiSkeleton-root"
        style="height: 5rem;"
      />
    </div>
    <div
      class="MuiGrid-root MuiGrid-direction-xs-row MuiGrid-grid-xs-12 MuiGrid-grid-md-3 MuiGrid-grid-sm-6 css-17hq2y0-MuiGrid-root"
    >
      <span
        class="MuiSkeleton-root MuiSkeleton-text MuiSkeleton-pulse css-kkcbhd-MuiSkeleton-root"
        style="height: 5rem;"
      />
    </div>
    <div
      class="MuiGrid-root MuiGrid-direction-xs-row MuiGrid-grid-xs-12 MuiGrid-grid-md-3 MuiGrid-grid-sm-6 css-17hq2y0-MuiGrid-root"
    >
      <span
        class="MuiSkeleton-root MuiSkeleton-text MuiSkeleton-pulse css-kkcbhd-MuiSkeleton-root"
        style="height: 5rem;"
      />
    </div>
  </div>
</DocumentFragment>
`;
