// Jest Snapshot v1, https://goo.gl/fbAQLP

exports[`PropertyHeader Jest tests PropertyHeader snapshot tests renders correctly and matches snapshot 1`] = `
<DocumentFragment>
  <div
    class="MuiStack-root css-jfdv4h-MuiStack-root"
  >
    <div
      class="MuiStack-root css-nen11g-MuiStack-root"
    >
      <div
        class="MuiBox-root css-j0ozid"
      >
        <svg
          aria-hidden="true"
          class="MuiSvgIcon-root MuiSvgIcon-colorPrimary MuiSvgIcon-fontSizeMedium css-q6abum-MuiSvgIcon-root"
          data-testid="HomeIcon"
          focusable="false"
          viewBox="0 0 24 24"
        >
          <path
            d="M10 20v-6h4v6h5v-8h3L12 3 2 12h3v8z"
          />
        </svg>
        <div
          class="MuiStack-root css-nen11g-MuiStack-root"
        >
          <h4
            class="MuiTypography-root MuiTypography-h4 css-f84ov1-MuiTypography-root"
          >
            Sunset Villa
          </h4>
          <div
            class="MuiStack-root css-5hw9o0-MuiStack-root"
          >
            <div
              class="MuiStack-root css-niqf4j-MuiStack-root"
            />
            <h6
              class="MuiTypography-root MuiTypography-subtitle2 css-sth6i1-MuiTypography-root"
            >
              123 Main St, Austin, TX 78701
            </h6>
          </div>
        </div>
      </div>
      <div
        class="MuiStack-root css-1o22yl8-MuiStack-root"
      >
        <h6
          class="MuiTypography-root MuiTypography-subtitle2 css-1ljd6gn-MuiTypography-root"
          data-mui-internal-clone-element="true"
        />
      </div>
    </div>
  </div>
</DocumentFragment>
`;
