// Jest Snapshot v1, https://goo.gl/fbAQLP

exports[`AddProperty Component Tests AddProperty Snapshot Tests matches AddProperty snapshot 1`] = `
<DocumentFragment>
  <form>
    <div
      aria-orientation="horizontal"
      class="MuiDivider-root MuiDivider-fullWidth MuiDivider-withChildren css-1oljykh-MuiDivider-root"
      role="separator"
    >
      <span
        class="MuiDivider-wrapper css-1134oje-MuiDivider-wrapper"
      >
        <span
          class="MuiTypography-root MuiTypography-caption css-1jkzbat-MuiTypography-root"
        >
          Property Information
        </span>
      </span>
    </div>
    <div
      class="MuiStack-root css-jfdv4h-MuiStack-root"
    >
      <div
        class="MuiStack-root css-jfdv4h-MuiStack-root"
      >
        <div
          class="MuiStack-root css-9j5txs-MuiStack-root"
        >
          <div
            class="MuiStack-root css-niqf4j-MuiStack-root"
          >
            <span
              class="MuiBox-root css-1ta4aep"
              variant="body2"
            >
              Property Name *
            </span>
          </div>
          <div
            class="MuiFormControl-root MuiFormControl-fullWidth MuiTextField-root css-cmpglg-MuiFormControl-root-MuiTextField-root"
          >
            <div
              class="MuiInputBase-root MuiOutlinedInput-root MuiInputBase-colorPrimary MuiInputBase-fullWidth MuiInputBase-formControl MuiInputBase-sizeSmall css-1blp12k-MuiInputBase-root-MuiOutlinedInput-root"
            >
              <input
                aria-invalid="false"
                aria-label="Property Name *"
                class="MuiInputBase-input MuiOutlinedInput-input MuiInputBase-inputSizeSmall css-1pzfmz2-MuiInputBase-input-MuiOutlinedInput-input"
                id="name"
                name="name"
                placeholder="Name of your property"
                type="text"
                value=""
              />
              <fieldset
                aria-hidden="true"
                class="MuiOutlinedInput-notchedOutline css-18p5xg2-MuiNotchedOutlined-root-MuiOutlinedInput-notchedOutline"
              >
                <legend
                  class="css-1nf2c5d-MuiNotchedOutlined-root"
                >
                  <span
                    aria-hidden="true"
                    class="notranslate"
                  >
                    ​
                  </span>
                </legend>
              </fieldset>
            </div>
          </div>
        </div>
        <div
          class="MuiStack-root css-1wi0p3l-MuiStack-root"
        >
          <div
            class="MuiStack-root css-9j5txs-MuiStack-root"
          >
            <div
              class="MuiStack-root css-niqf4j-MuiStack-root"
            >
              <span
                class="MuiBox-root css-1ta4aep"
                variant="body2"
              >
                Address *
              </span>
            </div>
            <div
              class="MuiFormControl-root MuiFormControl-fullWidth MuiTextField-root css-cmpglg-MuiFormControl-root-MuiTextField-root"
            >
              <div
                class="MuiInputBase-root MuiOutlinedInput-root MuiInputBase-colorPrimary MuiInputBase-fullWidth MuiInputBase-formControl MuiInputBase-sizeSmall css-1blp12k-MuiInputBase-root-MuiOutlinedInput-root"
              >
                <input
                  aria-invalid="false"
                  aria-label="Address *"
                  class="MuiInputBase-input MuiOutlinedInput-input MuiInputBase-inputSizeSmall css-1pzfmz2-MuiInputBase-input-MuiOutlinedInput-input"
                  id="address"
                  name="address"
                  placeholder="123 Main St"
                  type="text"
                  value=""
                />
                <fieldset
                  aria-hidden="true"
                  class="MuiOutlinedInput-notchedOutline css-18p5xg2-MuiNotchedOutlined-root-MuiOutlinedInput-notchedOutline"
                >
                  <legend
                    class="css-1nf2c5d-MuiNotchedOutlined-root"
                  >
                    <span
                      aria-hidden="true"
                      class="notranslate"
                    >
                      ​
                    </span>
                  </legend>
                </fieldset>
              </div>
            </div>
          </div>
          <div
            class="MuiStack-root css-9j5txs-MuiStack-root"
          >
            <div
              class="MuiStack-root css-niqf4j-MuiStack-root"
            >
              <span
                class="MuiBox-root css-1ta4aep"
                variant="body2"
              >
                County
              </span>
            </div>
            <div
              class="MuiFormControl-root MuiFormControl-fullWidth MuiTextField-root css-cmpglg-MuiFormControl-root-MuiTextField-root"
            >
              <div
                class="MuiInputBase-root MuiOutlinedInput-root MuiInputBase-colorPrimary MuiInputBase-fullWidth MuiInputBase-formControl MuiInputBase-sizeSmall css-1blp12k-MuiInputBase-root-MuiOutlinedInput-root"
              >
                <input
                  aria-invalid="false"
                  aria-label="County"
                  class="MuiInputBase-input MuiOutlinedInput-input MuiInputBase-inputSizeSmall css-1pzfmz2-MuiInputBase-input-MuiOutlinedInput-input"
                  id="county"
                  name="county"
                  placeholder="County"
                  type="text"
                  value=""
                />
                <fieldset
                  aria-hidden="true"
                  class="MuiOutlinedInput-notchedOutline css-18p5xg2-MuiNotchedOutlined-root-MuiOutlinedInput-notchedOutline"
                >
                  <legend
                    class="css-1nf2c5d-MuiNotchedOutlined-root"
                  >
                    <span
                      aria-hidden="true"
                      class="notranslate"
                    >
                      ​
                    </span>
                  </legend>
                </fieldset>
              </div>
            </div>
          </div>
        </div>
      </div>
      <div
        class="MuiStack-root css-1wi0p3l-MuiStack-root"
      >
        <div
          class="MuiStack-root css-9j5txs-MuiStack-root"
        >
          <div
            class="MuiStack-root css-niqf4j-MuiStack-root"
          >
            <span
              class="MuiBox-root css-1ta4aep"
              variant="body2"
            >
              City *
            </span>
          </div>
          <div
            class="MuiFormControl-root MuiFormControl-fullWidth MuiTextField-root css-cmpglg-MuiFormControl-root-MuiTextField-root"
          >
            <div
              class="MuiInputBase-root MuiOutlinedInput-root MuiInputBase-colorPrimary MuiInputBase-fullWidth MuiInputBase-formControl MuiInputBase-sizeSmall css-1blp12k-MuiInputBase-root-MuiOutlinedInput-root"
            >
              <input
                aria-invalid="false"
                aria-label="City *"
                class="MuiInputBase-input MuiOutlinedInput-input MuiInputBase-inputSizeSmall css-1pzfmz2-MuiInputBase-input-MuiOutlinedInput-input"
                id="city"
                name="city"
                placeholder="Richmond"
                type="text"
                value=""
              />
              <fieldset
                aria-hidden="true"
                class="MuiOutlinedInput-notchedOutline css-18p5xg2-MuiNotchedOutlined-root-MuiOutlinedInput-notchedOutline"
              >
                <legend
                  class="css-1nf2c5d-MuiNotchedOutlined-root"
                >
                  <span
                    aria-hidden="true"
                    class="notranslate"
                  >
                    ​
                  </span>
                </legend>
              </fieldset>
            </div>
          </div>
        </div>
        <div
          class="MuiStack-root css-9j5txs-MuiStack-root"
        >
          <div
            class="MuiStack-root css-niqf4j-MuiStack-root"
          >
            <span
              class="MuiBox-root css-1ta4aep"
              variant="body2"
            >
              State *
            </span>
          </div>
          <div
            class="MuiFormControl-root MuiFormControl-fullWidth MuiTextField-root css-cmpglg-MuiFormControl-root-MuiTextField-root"
          >
            <div
              class="MuiInputBase-root MuiOutlinedInput-root MuiInputBase-colorPrimary MuiInputBase-fullWidth MuiInputBase-formControl MuiInputBase-sizeSmall css-1blp12k-MuiInputBase-root-MuiOutlinedInput-root"
            >
              <input
                aria-invalid="false"
                aria-label="State *"
                class="MuiInputBase-input MuiOutlinedInput-input MuiInputBase-inputSizeSmall css-1pzfmz2-MuiInputBase-input-MuiOutlinedInput-input"
                id="state"
                name="state"
                placeholder="NC"
                type="text"
                value=""
              />
              <fieldset
                aria-hidden="true"
                class="MuiOutlinedInput-notchedOutline css-18p5xg2-MuiNotchedOutlined-root-MuiOutlinedInput-notchedOutline"
              >
                <legend
                  class="css-1nf2c5d-MuiNotchedOutlined-root"
                >
                  <span
                    aria-hidden="true"
                    class="notranslate"
                  >
                    ​
                  </span>
                </legend>
              </fieldset>
            </div>
          </div>
        </div>
        <div
          class="MuiStack-root css-9j5txs-MuiStack-root"
        >
          <div
            class="MuiStack-root css-niqf4j-MuiStack-root"
          >
            <span
              class="MuiBox-root css-1ta4aep"
              variant="body2"
            >
              ZIP Code *
            </span>
          </div>
          <div
            class="MuiFormControl-root MuiFormControl-fullWidth MuiTextField-root css-cmpglg-MuiFormControl-root-MuiTextField-root"
          >
            <div
              class="MuiInputBase-root MuiOutlinedInput-root MuiInputBase-colorPrimary MuiInputBase-fullWidth MuiInputBase-formControl MuiInputBase-sizeSmall css-1blp12k-MuiInputBase-root-MuiOutlinedInput-root"
            >
              <input
                aria-invalid="false"
                aria-label="ZIP Code *"
                class="MuiInputBase-input MuiOutlinedInput-input MuiInputBase-inputSizeSmall css-1pzfmz2-MuiInputBase-input-MuiOutlinedInput-input"
                id="zipcode"
                name="zipcode"
                placeholder="78701"
                type="text"
                value=""
              />
              <fieldset
                aria-hidden="true"
                class="MuiOutlinedInput-notchedOutline css-18p5xg2-MuiNotchedOutlined-root-MuiOutlinedInput-notchedOutline"
              >
                <legend
                  class="css-1nf2c5d-MuiNotchedOutlined-root"
                >
                  <span
                    aria-hidden="true"
                    class="notranslate"
                  >
                    ​
                  </span>
                </legend>
              </fieldset>
            </div>
          </div>
        </div>
      </div>
      <div
        class="MuiStack-root css-1wi0p3l-MuiStack-root"
      >
        <div
          class="MuiStack-root css-9j5txs-MuiStack-root"
        >
          <div
            class="MuiStack-root css-niqf4j-MuiStack-root"
          >
            <span
              class="MuiBox-root css-1ta4aep"
              variant="body2"
            >
              Number of Units / Bedroom *
            </span>
          </div>
          <div
            class="MuiFormControl-root MuiFormControl-fullWidth MuiTextField-root css-cmpglg-MuiFormControl-root-MuiTextField-root"
          >
            <div
              class="MuiInputBase-root MuiOutlinedInput-root MuiInputBase-colorPrimary MuiInputBase-fullWidth MuiInputBase-formControl MuiInputBase-sizeSmall css-1blp12k-MuiInputBase-root-MuiOutlinedInput-root"
            >
              <input
                aria-invalid="false"
                aria-label="Number of Units / Bedroom *"
                class="MuiInputBase-input MuiOutlinedInput-input MuiInputBase-inputSizeSmall css-1pzfmz2-MuiInputBase-input-MuiOutlinedInput-input"
                id="units"
                name="units"
                placeholder="e.g. 4"
                type="text"
                value=""
              />
              <fieldset
                aria-hidden="true"
                class="MuiOutlinedInput-notchedOutline css-18p5xg2-MuiNotchedOutlined-root-MuiOutlinedInput-notchedOutline"
              >
                <legend
                  class="css-1nf2c5d-MuiNotchedOutlined-root"
                >
                  <span
                    aria-hidden="true"
                    class="notranslate"
                  >
                    ​
                  </span>
                </legend>
              </fieldset>
            </div>
          </div>
        </div>
        <div
          class="MuiStack-root css-9j5txs-MuiStack-root"
        >
          <div
            class="MuiStack-root css-niqf4j-MuiStack-root"
          >
            <span
              class="MuiBox-root css-1ta4aep"
              variant="body2"
            >
              Number of Bathrooms *
            </span>
          </div>
          <div
            class="MuiFormControl-root MuiFormControl-fullWidth MuiTextField-root css-cmpglg-MuiFormControl-root-MuiTextField-root"
          >
            <div
              class="MuiInputBase-root MuiOutlinedInput-root MuiInputBase-colorPrimary MuiInputBase-fullWidth MuiInputBase-formControl MuiInputBase-sizeSmall css-1blp12k-MuiInputBase-root-MuiOutlinedInput-root"
            >
              <input
                aria-invalid="false"
                aria-label="Number of Bathrooms *"
                class="MuiInputBase-input MuiOutlinedInput-input MuiInputBase-inputSizeSmall css-1pzfmz2-MuiInputBase-input-MuiOutlinedInput-input"
                id="bathrooms"
                name="bathrooms"
                placeholder="e.g. 2"
                type="text"
                value=""
              />
              <fieldset
                aria-hidden="true"
                class="MuiOutlinedInput-notchedOutline css-18p5xg2-MuiNotchedOutlined-root-MuiOutlinedInput-notchedOutline"
              >
                <legend
                  class="css-1nf2c5d-MuiNotchedOutlined-root"
                >
                  <span
                    aria-hidden="true"
                    class="notranslate"
                  >
                    ​
                  </span>
                </legend>
              </fieldset>
            </div>
          </div>
        </div>
      </div>
      <div
        class="MuiStack-root css-1wi0p3l-MuiStack-root"
      >
        <div
          class="MuiStack-root css-9j5txs-MuiStack-root"
        >
          <div
            class="MuiStack-root css-niqf4j-MuiStack-root"
          >
            <span
              class="MuiBox-root css-1ta4aep"
              variant="body2"
            >
              Area of the home in sq ft. *
            </span>
          </div>
          <div
            class="MuiFormControl-root MuiFormControl-fullWidth MuiTextField-root css-cmpglg-MuiFormControl-root-MuiTextField-root"
          >
            <div
              class="MuiInputBase-root MuiOutlinedInput-root MuiInputBase-colorPrimary MuiInputBase-fullWidth MuiInputBase-formControl MuiInputBase-sizeSmall css-1blp12k-MuiInputBase-root-MuiOutlinedInput-root"
            >
              <input
                aria-invalid="false"
                aria-label="Area of the home in sq ft. *"
                class="MuiInputBase-input MuiOutlinedInput-input MuiInputBase-inputSizeSmall css-1pzfmz2-MuiInputBase-input-MuiOutlinedInput-input"
                id="sqFt"
                name="sqFt"
                placeholder="7854"
                type="text"
                value=""
              />
              <fieldset
                aria-hidden="true"
                class="MuiOutlinedInput-notchedOutline css-18p5xg2-MuiNotchedOutlined-root-MuiOutlinedInput-notchedOutline"
              >
                <legend
                  class="css-1nf2c5d-MuiNotchedOutlined-root"
                >
                  <span
                    aria-hidden="true"
                    class="notranslate"
                  >
                    ​
                  </span>
                </legend>
              </fieldset>
            </div>
          </div>
        </div>
      </div>
      <div
        class="MuiStack-root css-9j5txs-MuiStack-root"
      >
        <div
          class="MuiStack-root css-niqf4j-MuiStack-root"
        >
          <span
            class="MuiBox-root css-1ta4aep"
            variant="body2"
          >
            Additional Notes
          </span>
        </div>
        <div
          class="MuiFormControl-root MuiFormControl-fullWidth MuiTextField-root css-cmpglg-MuiFormControl-root-MuiTextField-root"
        >
          <div
            class="MuiInputBase-root MuiOutlinedInput-root MuiInputBase-colorPrimary MuiInputBase-fullWidth MuiInputBase-formControl MuiInputBase-sizeSmall MuiInputBase-multiline css-szkf5z-MuiInputBase-root-MuiOutlinedInput-root"
          >
            <textarea
              aria-invalid="false"
              aria-label="Additional Notes"
              class="MuiInputBase-input MuiOutlinedInput-input MuiInputBase-inputMultiline MuiInputBase-inputSizeSmall css-msbelq-MuiInputBase-input-MuiOutlinedInput-input"
              id="note"
              name="note"
              placeholder="Additional notes "
              rows="3"
              style="height: 0px; overflow: hidden;"
            />
            <textarea
              aria-hidden="true"
              class="MuiInputBase-input MuiOutlinedInput-input MuiInputBase-inputMultiline MuiInputBase-inputSizeSmall css-msbelq-MuiInputBase-input-MuiOutlinedInput-input"
              readonly=""
              style="visibility: hidden; position: absolute; overflow: hidden; height: 0px; top: 0px; left: 0px; transform: translateZ(0); padding-top: 0px; padding-bottom: 0px; width: 100%;"
              tabindex="-1"
            />
            <fieldset
              aria-hidden="true"
              class="MuiOutlinedInput-notchedOutline css-18p5xg2-MuiNotchedOutlined-root-MuiOutlinedInput-notchedOutline"
            >
              <legend
                class="css-1nf2c5d-MuiNotchedOutlined-root"
              >
                <span
                  aria-hidden="true"
                  class="notranslate"
                >
                  ​
                </span>
              </legend>
            </fieldset>
          </div>
        </div>
      </div>
      <div
        aria-orientation="horizontal"
        class="MuiDivider-root MuiDivider-fullWidth MuiDivider-withChildren css-1oljykh-MuiDivider-root"
        role="separator"
      >
        <span
          class="MuiDivider-wrapper css-1134oje-MuiDivider-wrapper"
        >
          <span
            class="MuiTypography-root MuiTypography-caption css-1jkzbat-MuiTypography-root"
          >
            Provisions and allocations
          </span>
        </span>
      </div>
      <div
        class="MuiStack-root css-1wi0p3l-MuiStack-root"
      >
        <div
          class="MuiStack-root css-9j5txs-MuiStack-root"
        >
          <div
            class="MuiStack-root css-niqf4j-MuiStack-root"
          >
            <span
              class="MuiBox-root css-1ta4aep"
              variant="body2"
            >
              Emergency Contact *
            </span>
          </div>
          <div
            class="MuiFormControl-root MuiFormControl-fullWidth MuiTextField-root css-cmpglg-MuiFormControl-root-MuiTextField-root"
          >
            <div
              class="MuiInputBase-root MuiOutlinedInput-root MuiInputBase-colorPrimary MuiInputBase-fullWidth MuiInputBase-formControl MuiInputBase-sizeSmall css-1blp12k-MuiInputBase-root-MuiOutlinedInput-root"
            >
              <input
                aria-invalid="false"
                aria-label="Emergency Contact *"
                class="MuiInputBase-input MuiOutlinedInput-input MuiInputBase-inputSizeSmall css-1pzfmz2-MuiInputBase-input-MuiOutlinedInput-input"
                id="emergencyContactNumber"
                name="emergencyContactNumber"
                placeholder="Emergency Contact Number without spaces or dashes"
                type="text"
                value=""
              />
              <fieldset
                aria-hidden="true"
                class="MuiOutlinedInput-notchedOutline css-18p5xg2-MuiNotchedOutlined-root-MuiOutlinedInput-notchedOutline"
              >
                <legend
                  class="css-1nf2c5d-MuiNotchedOutlined-root"
                >
                  <span
                    aria-hidden="true"
                    class="notranslate"
                  >
                    ​
                  </span>
                </legend>
              </fieldset>
            </div>
          </div>
        </div>
      </div>
      <div
        class="MuiStack-root css-1k6imxd-MuiStack-root"
      >
        <label
          class="MuiFormControlLabel-root MuiFormControlLabel-labelPlacementEnd css-19opgx6-MuiFormControlLabel-root"
        >
          <span
            class="MuiButtonBase-root MuiCheckbox-root MuiCheckbox-colorPrimary MuiCheckbox-sizeMedium PrivateSwitchBase-root MuiCheckbox-root MuiCheckbox-colorPrimary MuiCheckbox-sizeMedium Mui-checked MuiCheckbox-root MuiCheckbox-colorPrimary MuiCheckbox-sizeMedium css-vuhw6e-MuiButtonBase-root-MuiSwitchBase-root-MuiCheckbox-root"
          >
            <input
              checked=""
              class="PrivateSwitchBase-input css-12xagqm-MuiSwitchBase-root"
              data-indeterminate="false"
              name="isTenantCleaningYard"
              type="checkbox"
              value="true"
            />
            <svg
              aria-hidden="true"
              class="MuiSvgIcon-root MuiSvgIcon-fontSizeMedium css-1umw9bq-MuiSvgIcon-root"
              data-testid="CheckBoxIcon"
              focusable="false"
              viewBox="0 0 24 24"
            >
              <path
                d="M19 3H5c-1.11 0-2 .9-2 2v14c0 1.1.89 2 2 2h14c1.11 0 2-.9 2-2V5c0-1.1-.89-2-2-2zm-9 14l-5-5 1.41-1.41L10 14.17l7.59-7.59L19 8l-9 9z"
              />
            </svg>
          </span>
          <h6
            class="MuiTypography-root MuiTypography-subtitle2 css-1ypmsg6-MuiTypography-root"
          >
            Is the tenant responsible to maintain yard?
          </h6>
        </label>
        <label
          class="MuiFormControlLabel-root MuiFormControlLabel-labelPlacementEnd css-19opgx6-MuiFormControlLabel-root"
        >
          <span
            class="MuiButtonBase-root MuiCheckbox-root MuiCheckbox-colorPrimary MuiCheckbox-sizeMedium PrivateSwitchBase-root MuiCheckbox-root MuiCheckbox-colorPrimary MuiCheckbox-sizeMedium MuiCheckbox-root MuiCheckbox-colorPrimary MuiCheckbox-sizeMedium css-vuhw6e-MuiButtonBase-root-MuiSwitchBase-root-MuiCheckbox-root"
          >
            <input
              class="PrivateSwitchBase-input css-12xagqm-MuiSwitchBase-root"
              data-indeterminate="false"
              name="isSmoking"
              type="checkbox"
              value="false"
            />
            <svg
              aria-hidden="true"
              class="MuiSvgIcon-root MuiSvgIcon-fontSizeMedium css-1umw9bq-MuiSvgIcon-root"
              data-testid="CheckBoxOutlineBlankIcon"
              focusable="false"
              viewBox="0 0 24 24"
            >
              <path
                d="M19 5v14H5V5h14m0-2H5c-1.1 0-2 .9-2 2v14c0 1.1.9 2 2 2h14c1.1 0 2-.9 2-2V5c0-1.1-.9-2-2-2z"
              />
            </svg>
          </span>
          <h6
            class="MuiTypography-root MuiTypography-subtitle2 css-1ypmsg6-MuiTypography-root"
          >
            Is smoking permitted in the premise?
          </h6>
        </label>
      </div>
      <div
        class="MuiStack-root css-nen11g-MuiStack-root"
      >
        <label
          class="MuiFormControlLabel-root MuiFormControlLabel-labelPlacementEnd css-19opgx6-MuiFormControlLabel-root"
        >
          <span
            class="MuiButtonBase-root MuiCheckbox-root MuiCheckbox-colorPrimary MuiCheckbox-sizeMedium PrivateSwitchBase-root MuiCheckbox-root MuiCheckbox-colorPrimary MuiCheckbox-sizeMedium MuiCheckbox-root MuiCheckbox-colorPrimary MuiCheckbox-sizeMedium css-vuhw6e-MuiButtonBase-root-MuiSwitchBase-root-MuiCheckbox-root"
          >
            <input
              class="PrivateSwitchBase-input css-12xagqm-MuiSwitchBase-root"
              data-indeterminate="false"
              name="isOwnerCoveredUtilities"
              type="checkbox"
              value="false"
            />
            <svg
              aria-hidden="true"
              class="MuiSvgIcon-root MuiSvgIcon-fontSizeMedium css-1umw9bq-MuiSvgIcon-root"
              data-testid="CheckBoxOutlineBlankIcon"
              focusable="false"
              viewBox="0 0 24 24"
            >
              <path
                d="M19 5v14H5V5h14m0-2H5c-1.1 0-2 .9-2 2v14c0 1.1.9 2 2 2h14c1.1 0 2-.9 2-2V5c0-1.1-.9-2-2-2z"
              />
            </svg>
          </span>
          <h6
            class="MuiTypography-root MuiTypography-subtitle2 css-1ypmsg6-MuiTypography-root"
          >
            Does the owner cover any utilities?
          </h6>
        </label>
      </div>
      <div
        class="MuiStack-root css-1wi0p3l-MuiStack-root"
      >
        <div
          class="MuiStack-root css-9j5txs-MuiStack-root"
        >
          <div
            class="MuiStack-root css-niqf4j-MuiStack-root"
          >
            <span
              class="MuiBox-root css-1ta4aep"
              variant="body2"
            >
              Monthly Rent *
            </span>
          </div>
          <div
            class="MuiFormControl-root MuiFormControl-fullWidth MuiTextField-root css-cmpglg-MuiFormControl-root-MuiTextField-root"
          >
            <div
              class="MuiInputBase-root MuiOutlinedInput-root MuiInputBase-colorPrimary MuiInputBase-fullWidth MuiInputBase-formControl MuiInputBase-sizeSmall css-1blp12k-MuiInputBase-root-MuiOutlinedInput-root"
            >
              <input
                aria-invalid="false"
                aria-label="Monthly Rent *"
                class="MuiInputBase-input MuiOutlinedInput-input MuiInputBase-inputSizeSmall css-1pzfmz2-MuiInputBase-input-MuiOutlinedInput-input"
                id="rent"
                name="rent"
                placeholder="Monthly rent in USD. Eg, 2750.00"
                type="text"
                value=""
              />
              <fieldset
                aria-hidden="true"
                class="MuiOutlinedInput-notchedOutline css-18p5xg2-MuiNotchedOutlined-root-MuiOutlinedInput-notchedOutline"
              >
                <legend
                  class="css-1nf2c5d-MuiNotchedOutlined-root"
                >
                  <span
                    aria-hidden="true"
                    class="notranslate"
                  >
                    ​
                  </span>
                </legend>
              </fieldset>
            </div>
          </div>
        </div>
        <div
          class="MuiStack-root css-9j5txs-MuiStack-root"
        >
          <div
            class="MuiStack-root css-niqf4j-MuiStack-root"
          >
            <span
              class="MuiBox-root css-1ta4aep"
              variant="body2"
            >
              <div
                class="MuiStack-root css-1d9cypr-MuiStack-root"
              >
                <svg
                  aria-hidden="true"
                  aria-label="Includes recurring charges such as utilities, parking, or other monthly services."
                  class="MuiSvgIcon-root MuiSvgIcon-colorSecondary MuiSvgIcon-fontSizeSmall css-1s79gy0-MuiSvgIcon-root"
                  data-mui-internal-clone-element="true"
                  data-testid="InfoRoundedIcon"
                  focusable="false"
                  viewBox="0 0 24 24"
                >
                  <path
                    d="M12 2C6.48 2 2 6.48 2 12s4.48 10 10 10 10-4.48 10-10S17.52 2 12 2m0 15c-.55 0-1-.45-1-1v-4c0-.55.45-1 1-1s1 .45 1 1v4c0 .55-.45 1-1 1m1-8h-2V7h2z"
                  />
                </svg>
                <h6
                  class="MuiTypography-root MuiTypography-subtitle2 css-1ypmsg6-MuiTypography-root"
                >
                  Add ons
                </h6>
              </div>
            </span>
          </div>
          <div
            class="MuiFormControl-root MuiFormControl-fullWidth MuiTextField-root css-cmpglg-MuiFormControl-root-MuiTextField-root"
          >
            <div
              class="MuiInputBase-root MuiOutlinedInput-root MuiInputBase-colorPrimary MuiInputBase-fullWidth MuiInputBase-formControl MuiInputBase-sizeSmall css-1blp12k-MuiInputBase-root-MuiOutlinedInput-root"
            >
              <input
                aria-invalid="false"
                aria-label="[object Object]"
                class="MuiInputBase-input MuiOutlinedInput-input MuiInputBase-inputSizeSmall css-1pzfmz2-MuiInputBase-input-MuiOutlinedInput-input"
                id="additionalRent"
                name="additionalRent"
                placeholder="Additional fee. Eg, 400.00"
                type="text"
                value=""
              />
              <fieldset
                aria-hidden="true"
                class="MuiOutlinedInput-notchedOutline css-18p5xg2-MuiNotchedOutlined-root-MuiOutlinedInput-notchedOutline"
              >
                <legend
                  class="css-1nf2c5d-MuiNotchedOutlined-root"
                >
                  <span
                    aria-hidden="true"
                    class="notranslate"
                  >
                    ​
                  </span>
                </legend>
              </fieldset>
            </div>
          </div>
        </div>
      </div>
      <div
        class="MuiStack-root css-1wi0p3l-MuiStack-root"
      >
        <div
          class="MuiStack-root css-9j5txs-MuiStack-root"
        >
          <div
            class="MuiStack-root css-niqf4j-MuiStack-root"
          >
            <span
              class="MuiBox-root css-1ta4aep"
              variant="body2"
            >
              <div
                class="MuiStack-root css-1d9cypr-MuiStack-root"
              >
                <svg
                  aria-hidden="true"
                  aria-label="Estimated rent increment for next lease term. Prefilling this allows you to generate automatic templates to send to your tenant. You can edit this value later on."
                  class="MuiSvgIcon-root MuiSvgIcon-colorSecondary MuiSvgIcon-fontSizeSmall css-1s79gy0-MuiSvgIcon-root"
                  data-mui-internal-clone-element="true"
                  data-testid="InfoRoundedIcon"
                  focusable="false"
                  viewBox="0 0 24 24"
                >
                  <path
                    d="M12 2C6.48 2 2 6.48 2 12s4.48 10 10 10 10-4.48 10-10S17.52 2 12 2m0 15c-.55 0-1-.45-1-1v-4c0-.55.45-1 1-1s1 .45 1 1v4c0 .55-.45 1-1 1m1-8h-2V7h2z"
                  />
                </svg>
                <h6
                  class="MuiTypography-root MuiTypography-subtitle2 css-1ypmsg6-MuiTypography-root"
                >
                  Projected Rent Increase *
                </h6>
              </div>
            </span>
          </div>
          <div
            class="MuiFormControl-root MuiFormControl-fullWidth MuiTextField-root css-cmpglg-MuiFormControl-root-MuiTextField-root"
          >
            <div
              class="MuiInputBase-root MuiOutlinedInput-root MuiInputBase-colorPrimary MuiInputBase-fullWidth MuiInputBase-formControl MuiInputBase-sizeSmall css-1blp12k-MuiInputBase-root-MuiOutlinedInput-root"
            >
              <input
                aria-invalid="false"
                aria-label="[object Object]"
                class="MuiInputBase-input MuiOutlinedInput-input MuiInputBase-inputSizeSmall css-1pzfmz2-MuiInputBase-input-MuiOutlinedInput-input"
                id="rentIncrement"
                name="rentIncrement"
                placeholder="Projected Rent Increase in USD. Eg, 200.00"
                type="text"
                value=""
              />
              <fieldset
                aria-hidden="true"
                class="MuiOutlinedInput-notchedOutline css-18p5xg2-MuiNotchedOutlined-root-MuiOutlinedInput-notchedOutline"
              >
                <legend
                  class="css-1nf2c5d-MuiNotchedOutlined-root"
                >
                  <span
                    aria-hidden="true"
                    class="notranslate"
                  >
                    ​
                  </span>
                </legend>
              </fieldset>
            </div>
          </div>
        </div>
        <div
          class="MuiStack-root css-9j5txs-MuiStack-root"
        >
          <div
            class="MuiStack-root css-niqf4j-MuiStack-root"
          >
            <span
              class="MuiBox-root css-1ta4aep"
              variant="body2"
            >
              <div
                class="MuiStack-root css-1d9cypr-MuiStack-root"
              >
                <svg
                  aria-hidden="true"
                  aria-label="Security deposit is payment identifier"
                  class="MuiSvgIcon-root MuiSvgIcon-colorSecondary MuiSvgIcon-fontSizeSmall css-1s79gy0-MuiSvgIcon-root"
                  data-mui-internal-clone-element="true"
                  data-testid="InfoRoundedIcon"
                  focusable="false"
                  viewBox="0 0 24 24"
                >
                  <path
                    d="M12 2C6.48 2 2 6.48 2 12s4.48 10 10 10 10-4.48 10-10S17.52 2 12 2m0 15c-.55 0-1-.45-1-1v-4c0-.55.45-1 1-1s1 .45 1 1v4c0 .55-.45 1-1 1m1-8h-2V7h2z"
                  />
                </svg>
                <h6
                  class="MuiTypography-root MuiTypography-subtitle2 css-1ypmsg6-MuiTypography-root"
                >
                  Security deposit *
                </h6>
              </div>
            </span>
          </div>
          <div
            class="MuiFormControl-root MuiFormControl-fullWidth MuiTextField-root css-cmpglg-MuiFormControl-root-MuiTextField-root"
          >
            <div
              class="MuiInputBase-root MuiOutlinedInput-root MuiInputBase-colorPrimary MuiInputBase-fullWidth MuiInputBase-formControl MuiInputBase-sizeSmall css-1blp12k-MuiInputBase-root-MuiOutlinedInput-root"
            >
              <input
                aria-invalid="false"
                aria-label="[object Object]"
                class="MuiInputBase-input MuiOutlinedInput-input MuiInputBase-inputSizeSmall css-1pzfmz2-MuiInputBase-input-MuiOutlinedInput-input"
                id="securityDeposit"
                name="securityDeposit"
                placeholder="Security deposit for the property. Eg, 2100.00"
                type="text"
                value=""
              />
              <fieldset
                aria-hidden="true"
                class="MuiOutlinedInput-notchedOutline css-18p5xg2-MuiNotchedOutlined-root-MuiOutlinedInput-notchedOutline"
              >
                <legend
                  class="css-1nf2c5d-MuiNotchedOutlined-root"
                >
                  <span
                    aria-hidden="true"
                    class="notranslate"
                  >
                    ​
                  </span>
                </legend>
              </fieldset>
            </div>
          </div>
        </div>
      </div>
      <div
        class="MuiStack-root css-1wi0p3l-MuiStack-root"
      >
        <div
          class="MuiStack-root css-9j5txs-MuiStack-root"
        >
          <div
            class="MuiStack-root css-niqf4j-MuiStack-root"
          >
            <span
              class="MuiBox-root css-1ta4aep"
              variant="body2"
            >
              <div
                class="MuiStack-root css-1d9cypr-MuiStack-root"
              >
                <svg
                  aria-hidden="true"
                  aria-label="Limit the amount of parking spots for the residents of this property."
                  class="MuiSvgIcon-root MuiSvgIcon-colorSecondary MuiSvgIcon-fontSizeSmall css-1s79gy0-MuiSvgIcon-root"
                  data-mui-internal-clone-element="true"
                  data-testid="InfoRoundedIcon"
                  focusable="false"
                  viewBox="0 0 24 24"
                >
                  <path
                    d="M12 2C6.48 2 2 6.48 2 12s4.48 10 10 10 10-4.48 10-10S17.52 2 12 2m0 15c-.55 0-1-.45-1-1v-4c0-.55.45-1 1-1s1 .45 1 1v4c0 .55-.45 1-1 1m1-8h-2V7h2z"
                  />
                </svg>
                <h6
                  class="MuiTypography-root MuiTypography-subtitle2 css-1ypmsg6-MuiTypography-root"
                >
                  Allocated parking spots
                </h6>
              </div>
            </span>
          </div>
          <div
            class="MuiFormControl-root MuiFormControl-fullWidth MuiTextField-root css-cmpglg-MuiFormControl-root-MuiTextField-root"
          >
            <div
              class="MuiInputBase-root MuiOutlinedInput-root MuiInputBase-colorPrimary MuiInputBase-fullWidth MuiInputBase-formControl MuiInputBase-sizeSmall css-1blp12k-MuiInputBase-root-MuiOutlinedInput-root"
            >
              <input
                aria-invalid="false"
                aria-label="[object Object]"
                class="MuiInputBase-input MuiOutlinedInput-input MuiInputBase-inputSizeSmall css-1pzfmz2-MuiInputBase-input-MuiOutlinedInput-input"
                id="allowedVehicleCounts"
                name="allowedVehicleCounts"
                placeholder="Allowed vehicles on property"
                type="text"
                value=""
              />
              <fieldset
                aria-hidden="true"
                class="MuiOutlinedInput-notchedOutline css-18p5xg2-MuiNotchedOutlined-root-MuiOutlinedInput-notchedOutline"
              >
                <legend
                  class="css-1nf2c5d-MuiNotchedOutlined-root"
                >
                  <span
                    aria-hidden="true"
                    class="notranslate"
                  >
                    ​
                  </span>
                </legend>
              </fieldset>
            </div>
          </div>
        </div>
        <div
          class="MuiStack-root css-9j5txs-MuiStack-root"
        >
          <div
            class="MuiStack-root css-niqf4j-MuiStack-root"
          >
            <span
              class="MuiBox-root css-1ta4aep"
              variant="body2"
            >
              <div
                class="MuiStack-root css-1d9cypr-MuiStack-root"
              >
                <svg
                  aria-hidden="true"
                  aria-label="Payment ID is payment identifier associated with rental payments for the owner"
                  class="MuiSvgIcon-root MuiSvgIcon-colorSecondary MuiSvgIcon-fontSizeSmall css-1s79gy0-MuiSvgIcon-root"
                  data-mui-internal-clone-element="true"
                  data-testid="InfoRoundedIcon"
                  focusable="false"
                  viewBox="0 0 24 24"
                >
                  <path
                    d="M12 2C6.48 2 2 6.48 2 12s4.48 10 10 10 10-4.48 10-10S17.52 2 12 2m0 15c-.55 0-1-.45-1-1v-4c0-.55.45-1 1-1s1 .45 1 1v4c0 .55-.45 1-1 1m1-8h-2V7h2z"
                  />
                </svg>
                <h6
                  class="MuiTypography-root MuiTypography-subtitle2 css-1ypmsg6-MuiTypography-root"
                >
                  Payee ID *
                </h6>
              </div>
            </span>
          </div>
          <div
            class="MuiFormControl-root MuiFormControl-fullWidth MuiTextField-root css-cmpglg-MuiFormControl-root-MuiTextField-root"
          >
            <div
              class="MuiInputBase-root MuiOutlinedInput-root MuiInputBase-colorPrimary MuiInputBase-fullWidth MuiInputBase-formControl MuiInputBase-sizeSmall css-1blp12k-MuiInputBase-root-MuiOutlinedInput-root"
            >
              <input
                aria-invalid="false"
                aria-label="[object Object]"
                class="MuiInputBase-input MuiOutlinedInput-input MuiInputBase-inputSizeSmall css-1pzfmz2-MuiInputBase-input-MuiOutlinedInput-input"
                id="paymentID"
                name="paymentID"
                placeholder="Payment Identity Field. Eg, Zelle ID: XXX-XX-XXXX"
                type="text"
                value=""
              />
              <fieldset
                aria-hidden="true"
                class="MuiOutlinedInput-notchedOutline css-18p5xg2-MuiNotchedOutlined-root-MuiOutlinedInput-notchedOutline"
              >
                <legend
                  class="css-1nf2c5d-MuiNotchedOutlined-root"
                >
                  <span
                    aria-hidden="true"
                    class="notranslate"
                  >
                    ​
                  </span>
                </legend>
              </fieldset>
            </div>
          </div>
        </div>
      </div>
      <div
        class="MuiStack-root css-nen11g-MuiStack-root"
      >
        <div
          class="MuiStack-root css-9j5txs-MuiStack-root"
        >
          <div
            class="MuiStack-root css-niqf4j-MuiStack-root"
          >
            <span
              class="MuiBox-root css-1ta4aep"
              variant="body2"
            >
              Special Provisions
            </span>
          </div>
          <div
            class="MuiFormControl-root MuiFormControl-fullWidth MuiTextField-root css-cmpglg-MuiFormControl-root-MuiTextField-root"
          >
            <div
              class="MuiInputBase-root MuiOutlinedInput-root MuiInputBase-colorPrimary MuiInputBase-fullWidth MuiInputBase-formControl MuiInputBase-sizeSmall MuiInputBase-multiline css-szkf5z-MuiInputBase-root-MuiOutlinedInput-root"
            >
              <textarea
                aria-invalid="false"
                aria-label="Special Provisions"
                class="MuiInputBase-input MuiOutlinedInput-input MuiInputBase-inputMultiline MuiInputBase-inputSizeSmall css-msbelq-MuiInputBase-input-MuiOutlinedInput-input"
                id="specialProvisions"
                name="specialProvisions"
                placeholder="Add special provisions for the tenant within 500 characters"
                rows="3"
                style="height: 0px; overflow: hidden;"
              />
              <textarea
                aria-hidden="true"
                class="MuiInputBase-input MuiOutlinedInput-input MuiInputBase-inputMultiline MuiInputBase-inputSizeSmall css-msbelq-MuiInputBase-input-MuiOutlinedInput-input"
                readonly=""
                style="visibility: hidden; position: absolute; overflow: hidden; height: 0px; top: 0px; left: 0px; transform: translateZ(0); padding-top: 0px; padding-bottom: 0px; width: 100%;"
                tabindex="-1"
              />
              <fieldset
                aria-hidden="true"
                class="MuiOutlinedInput-notchedOutline css-18p5xg2-MuiNotchedOutlined-root-MuiOutlinedInput-notchedOutline"
              >
                <legend
                  class="css-1nf2c5d-MuiNotchedOutlined-root"
                >
                  <span
                    aria-hidden="true"
                    class="notranslate"
                  >
                    ​
                  </span>
                </legend>
              </fieldset>
            </div>
          </div>
        </div>
      </div>
      <div
        aria-orientation="horizontal"
        class="MuiDivider-root MuiDivider-fullWidth MuiDivider-withChildren css-1oljykh-MuiDivider-root"
        role="separator"
      >
        <span
          class="MuiDivider-wrapper css-1134oje-MuiDivider-wrapper"
        >
          <span
            class="MuiTypography-root MuiTypography-caption css-1jkzbat-MuiTypography-root"
          >
            Property Management
          </span>
        </span>
      </div>
      <div
        class="MuiStack-root css-nen11g-MuiStack-root"
      >
        <label
          class="MuiFormControlLabel-root MuiFormControlLabel-labelPlacementEnd css-19opgx6-MuiFormControlLabel-root"
        >
          <span
            class="MuiButtonBase-root MuiCheckbox-root MuiCheckbox-colorPrimary MuiCheckbox-sizeMedium PrivateSwitchBase-root MuiCheckbox-root MuiCheckbox-colorPrimary MuiCheckbox-sizeMedium MuiCheckbox-root MuiCheckbox-colorPrimary MuiCheckbox-sizeMedium css-vuhw6e-MuiButtonBase-root-MuiSwitchBase-root-MuiCheckbox-root"
          >
            <input
              class="PrivateSwitchBase-input css-12xagqm-MuiSwitchBase-root"
              data-indeterminate="false"
              name="isHoa"
              type="checkbox"
              value="false"
            />
            <svg
              aria-hidden="true"
              class="MuiSvgIcon-root MuiSvgIcon-fontSizeMedium css-1umw9bq-MuiSvgIcon-root"
              data-testid="CheckBoxOutlineBlankIcon"
              focusable="false"
              viewBox="0 0 24 24"
            >
              <path
                d="M19 5v14H5V5h14m0-2H5c-1.1 0-2 .9-2 2v14c0 1.1.9 2 2 2h14c1.1 0 2-.9 2-2V5c0-1.1-.9-2-2-2z"
              />
            </svg>
          </span>
          <h6
            class="MuiTypography-root MuiTypography-subtitle2 css-1ypmsg6-MuiTypography-root"
          >
            Is the property within Home Owners Association (HOA) limits?
          </h6>
        </label>
      </div>
      <div
        class="MuiStack-root css-nen11g-MuiStack-root"
      >
        <label
          class="MuiFormControlLabel-root MuiFormControlLabel-labelPlacementEnd css-19opgx6-MuiFormControlLabel-root"
        >
          <span
            class="MuiButtonBase-root MuiCheckbox-root MuiCheckbox-colorPrimary MuiCheckbox-sizeMedium PrivateSwitchBase-root MuiCheckbox-root MuiCheckbox-colorPrimary MuiCheckbox-sizeMedium MuiCheckbox-root MuiCheckbox-colorPrimary MuiCheckbox-sizeMedium css-vuhw6e-MuiButtonBase-root-MuiSwitchBase-root-MuiCheckbox-root"
          >
            <input
              class="PrivateSwitchBase-input css-12xagqm-MuiSwitchBase-root"
              data-indeterminate="false"
              name="isBrokerManaged"
              type="checkbox"
              value="false"
            />
            <svg
              aria-hidden="true"
              class="MuiSvgIcon-root MuiSvgIcon-fontSizeMedium css-1umw9bq-MuiSvgIcon-root"
              data-testid="CheckBoxOutlineBlankIcon"
              focusable="false"
              viewBox="0 0 24 24"
            >
              <path
                d="M19 5v14H5V5h14m0-2H5c-1.1 0-2 .9-2 2v14c0 1.1.9 2 2 2h14c1.1 0 2-.9 2-2V5c0-1.1-.9-2-2-2z"
              />
            </svg>
          </span>
          <h6
            class="MuiTypography-root MuiTypography-subtitle2 css-1ypmsg6-MuiTypography-root"
          >
            Is property managed by broker?
          </h6>
        </label>
      </div>
      <div
        class="MuiStack-root css-nen11g-MuiStack-root"
      >
        <label
          class="MuiFormControlLabel-root MuiFormControlLabel-labelPlacementEnd css-19opgx6-MuiFormControlLabel-root"
        >
          <span
            class="MuiButtonBase-root MuiCheckbox-root MuiCheckbox-colorPrimary MuiCheckbox-sizeMedium PrivateSwitchBase-root MuiCheckbox-root MuiCheckbox-colorPrimary MuiCheckbox-sizeMedium MuiCheckbox-root MuiCheckbox-colorPrimary MuiCheckbox-sizeMedium css-vuhw6e-MuiButtonBase-root-MuiSwitchBase-root-MuiCheckbox-root"
          >
            <input
              class="PrivateSwitchBase-input css-12xagqm-MuiSwitchBase-root"
              data-indeterminate="false"
              name="isManagerManaged"
              type="checkbox"
              value="false"
            />
            <svg
              aria-hidden="true"
              class="MuiSvgIcon-root MuiSvgIcon-fontSizeMedium css-1umw9bq-MuiSvgIcon-root"
              data-testid="CheckBoxOutlineBlankIcon"
              focusable="false"
              viewBox="0 0 24 24"
            >
              <path
                d="M19 5v14H5V5h14m0-2H5c-1.1 0-2 .9-2 2v14c0 1.1.9 2 2 2h14c1.1 0 2-.9 2-2V5c0-1.1-.9-2-2-2z"
              />
            </svg>
          </span>
          <h6
            class="MuiTypography-root MuiTypography-subtitle2 css-1ypmsg6-MuiTypography-root"
          >
            Is property managed by manager?
          </h6>
        </label>
      </div>
      <button>
        Add Property
      </button>
    </div>
  </form>
</DocumentFragment>
`;
