// Jest Snapshot v1, https://goo.gl/fbAQLP

exports[`ViewDocuments Jest Tests ViewDocuments Snapshot Tests renders correctly and matches snapshot 1`] = `
<DocumentFragment>
  <div
    class="MuiStack-root css-1sazv7p-MuiStack-root"
  >
    <div
      class="MuiStack-root css-9lepsn-MuiStack-root"
    >
      <h5
        class="MuiTypography-root MuiTypography-h5 css-14iyj2d-MuiTypography-root"
      >
        Documents
      </h5>
      <h6
        class="MuiTypography-root MuiTypography-subtitle2 css-1tspyaz-MuiTypography-root"
      >
        All uploaded files
      </h6>
      <div
        class="MuiBox-root css-56sg73"
      />
    </div>
    <div
      class="MuiPaper-root MuiPaper-elevation MuiPaper-rounded MuiPaper-elevation0 css-1uz3ykl-MuiPaper-root"
      style="--Paper-shadow: none;"
    >
      <div
        class="MuiTableContainer-root css-mhsyl6-MuiTableContainer-root"
      >
        <table
          class="MuiTable-root css-1cr5sg7-MuiTable-root"
          style="--header-id-size: 40; --col-id-size: 40; --header-fileName-size: 200; --col-fileName-size: 200; --header-updatedOn-size: 150; --col-updatedOn-size: 150;"
        >
          <thead
            class="MuiTableHead-root css-1w3oqpz-MuiTableHead-root"
          >
            <tr
              class="MuiTableRow-root MuiTableRow-head css-1w6yqxo-MuiTableRow-root"
            >
              <th
                aria-sort="none"
                class="MuiTableCell-root MuiTableCell-head MuiTableCell-alignLeft MuiTableCell-sizeMedium css-n3b6u0-MuiTableCell-root"
                colspan="1"
                data-can-sort="true"
                data-index="0"
                scope="col"
                tabindex="0"
              >
                <div
                  class="Mui-TableHeadCell-Content MuiBox-root css-1w86f15"
                >
                  <div
                    class="Mui-TableHeadCell-Content-Labels MuiBox-root css-68rqdf"
                  >
                    <div
                      class="Mui-TableHeadCell-Content-Wrapper MuiBox-root css-1nz3nwl"
                    >
                      ID
                    </div>
                    <span
                      aria-label="Sort by ID descending"
                      class="MuiBadge-root css-63ezxx-MuiBadge-root"
                      data-mui-internal-clone-element="true"
                    >
                      <span
                        aria-label="Sort by ID descending"
                        class="MuiButtonBase-root MuiTableSortLabel-root Mui-active MuiTableSortLabel-directionAsc css-zae4v7-MuiButtonBase-root-MuiTableSortLabel-root"
                        role="button"
                        tabindex="0"
                      >
                        <svg
                          aria-hidden="true"
                          class="MuiSvgIcon-root MuiSvgIcon-fontSizeMedium MuiTableSortLabel-icon MuiTableSortLabel-iconDirectionAsc css-7ojauk-MuiSvgIcon-root-MuiTableSortLabel-icon"
                          data-testid="SyncAltIcon"
                          focusable="false"
                          style="transform: rotate(-90deg) scaleX(0.9) translateX(-1px);"
                          viewBox="0 0 24 24"
                        >
                          <path
                            d="m18 12 4-4-4-4v3H3v2h15zM6 12l-4 4 4 4v-3h15v-2H6z"
                          />
                        </svg>
                      </span>
                      <span
                        class="MuiBadge-badge MuiBadge-standard MuiBadge-invisible MuiBadge-anchorOriginTopRight MuiBadge-anchorOriginTopRightCircular MuiBadge-overlapCircular css-1q3fol-MuiBadge-badge"
                      >
                        0
                      </span>
                    </span>
                  </div>
                  <div
                    class="Mui-TableHeadCell-Content-Actions MuiBox-root css-epvm6"
                  />
                </div>
              </th>
              <th
                aria-sort="none"
                class="MuiTableCell-root MuiTableCell-head MuiTableCell-alignLeft MuiTableCell-sizeMedium css-75un0v-MuiTableCell-root"
                colspan="1"
                data-can-sort="true"
                data-index="1"
                scope="col"
                tabindex="0"
              >
                <div
                  class="Mui-TableHeadCell-Content MuiBox-root css-1w86f15"
                >
                  <div
                    class="Mui-TableHeadCell-Content-Labels MuiBox-root css-68rqdf"
                  >
                    <div
                      class="Mui-TableHeadCell-Content-Wrapper MuiBox-root css-lapokc"
                    >
                      Attachment Filename
                    </div>
                    <span
                      aria-label="Sort by Attachment Filename descending"
                      class="MuiBadge-root css-63ezxx-MuiBadge-root"
                      data-mui-internal-clone-element="true"
                    >
                      <span
                        aria-label="Sort by Attachment Filename descending"
                        class="MuiButtonBase-root MuiTableSortLabel-root Mui-active MuiTableSortLabel-directionAsc css-zae4v7-MuiButtonBase-root-MuiTableSortLabel-root"
                        role="button"
                        tabindex="0"
                      >
                        <svg
                          aria-hidden="true"
                          class="MuiSvgIcon-root MuiSvgIcon-fontSizeMedium MuiTableSortLabel-icon MuiTableSortLabel-iconDirectionAsc css-7ojauk-MuiSvgIcon-root-MuiTableSortLabel-icon"
                          data-testid="SyncAltIcon"
                          focusable="false"
                          style="transform: rotate(-90deg) scaleX(0.9) translateX(-1px);"
                          viewBox="0 0 24 24"
                        >
                          <path
                            d="m18 12 4-4-4-4v3H3v2h15zM6 12l-4 4 4 4v-3h15v-2H6z"
                          />
                        </svg>
                      </span>
                      <span
                        class="MuiBadge-badge MuiBadge-standard MuiBadge-invisible MuiBadge-anchorOriginTopRight MuiBadge-anchorOriginTopRightCircular MuiBadge-overlapCircular css-1q3fol-MuiBadge-badge"
                      >
                        0
                      </span>
                    </span>
                  </div>
                  <div
                    class="Mui-TableHeadCell-Content-Actions MuiBox-root css-epvm6"
                  />
                </div>
              </th>
              <th
                aria-sort="none"
                class="MuiTableCell-root MuiTableCell-head MuiTableCell-alignLeft MuiTableCell-sizeMedium css-sg458f-MuiTableCell-root"
                colspan="1"
                data-can-sort="true"
                data-index="2"
                scope="col"
                tabindex="0"
              >
                <div
                  class="Mui-TableHeadCell-Content MuiBox-root css-1w86f15"
                >
                  <div
                    class="Mui-TableHeadCell-Content-Labels MuiBox-root css-68rqdf"
                  >
                    <div
                      class="Mui-TableHeadCell-Content-Wrapper MuiBox-root css-lapokc"
                    >
                      Last updated
                    </div>
                    <span
                      aria-label="Sort by Last updated descending"
                      class="MuiBadge-root css-63ezxx-MuiBadge-root"
                      data-mui-internal-clone-element="true"
                    >
                      <span
                        aria-label="Sort by Last updated descending"
                        class="MuiButtonBase-root MuiTableSortLabel-root Mui-active MuiTableSortLabel-directionAsc css-zae4v7-MuiButtonBase-root-MuiTableSortLabel-root"
                        role="button"
                        tabindex="0"
                      >
                        <svg
                          aria-hidden="true"
                          class="MuiSvgIcon-root MuiSvgIcon-fontSizeMedium MuiTableSortLabel-icon MuiTableSortLabel-iconDirectionAsc css-7ojauk-MuiSvgIcon-root-MuiTableSortLabel-icon"
                          data-testid="SyncAltIcon"
                          focusable="false"
                          style="transform: rotate(-90deg) scaleX(0.9) translateX(-1px);"
                          viewBox="0 0 24 24"
                        >
                          <path
                            d="m18 12 4-4-4-4v3H3v2h15zM6 12l-4 4 4 4v-3h15v-2H6z"
                          />
                        </svg>
                      </span>
                      <span
                        class="MuiBadge-badge MuiBadge-standard MuiBadge-invisible MuiBadge-anchorOriginTopRight MuiBadge-anchorOriginTopRightCircular MuiBadge-overlapCircular css-1q3fol-MuiBadge-badge"
                      >
                        0
                      </span>
                    </span>
                  </div>
                  <div
                    class="Mui-TableHeadCell-Content-Actions MuiBox-root css-epvm6"
                  />
                </div>
              </th>
            </tr>
          </thead>
          <tbody
            class="MuiTableBody-root css-6jvq2p-MuiTableBody-root"
          >
            <tr>
              <td
                colspan="3"
              >
                <div
                  class="MuiStack-root css-1ug9gnt-MuiStack-root"
                >
                  <p
                    class="MuiTypography-root MuiTypography-body1 css-1y98lh-MuiTypography-root"
                  >
                    Sorry, no matching records found.
                  </p>
                  <div
                    class="MuiStack-root css-nen11g-MuiStack-root"
                  >
                    <span
                      class="MuiTypography-root MuiTypography-caption css-10o28e5-MuiTypography-root"
                    >
                      Create templates to begin.
                    </span>
                  </div>
                </div>
              </td>
            </tr>
          </tbody>
        </table>
      </div>
      <div
        class="MuiBox-root css-161u6l"
      >
        <div
          class="MuiBox-root css-1llu0od"
        >
          <span />
          <div
            class="MuiBox-root css-qpxlqp"
          >
            <div
              class="MuiTablePagination-root MuiBox-root css-8k4lth"
            >
              <div
                class="MuiBox-root css-exd1zr"
              >
                <label
                  class="MuiFormLabel-root MuiInputLabel-root MuiInputLabel-animated MuiFormLabel-colorPrimary MuiInputLabel-root MuiInputLabel-animated css-1l4jewz-MuiFormLabel-root-MuiInputLabel-root"
                  for="mrt-rows-per-page-:r1:"
                >
                  Rows per page
                </label>
                <div
                  class="MuiInputBase-root MuiInput-root MuiInputBase-colorPrimary MuiSelect-root css-lr2oep-MuiInputBase-root-MuiInput-root-MuiSelect-root"
                >
                  <div
                    aria-expanded="false"
                    aria-haspopup="listbox"
                    aria-label="Rows per page"
                    class="MuiSelect-select MuiSelect-standard MuiInputBase-input MuiInput-input css-sfgwbn-MuiNativeSelect-root-MuiSelect-select-MuiInputBase-input-MuiInput-input"
                    role="combobox"
                    tabindex="0"
                  >
                    10
                  </div>
                  <input
                    aria-hidden="true"
                    aria-invalid="false"
                    class="MuiSelect-nativeInput css-j0riat-MuiSelect-nativeInput"
                    id="mrt-rows-per-page-:r1:"
                    tabindex="-1"
                    value="10"
                  />
                  <svg
                    aria-hidden="true"
                    class="MuiSvgIcon-root MuiSvgIcon-fontSizeMedium MuiSelect-icon MuiSelect-iconStandard css-ug7h84-MuiSvgIcon-root-MuiNativeSelect-root-MuiSelect-icon"
                    data-testid="ArrowDropDownIcon"
                    focusable="false"
                    viewBox="0 0 24 24"
                  >
                    <path
                      d="M7 10l5 5 5-5z"
                    />
                  </svg>
                </div>
              </div>
              <span
                class="MuiTypography-root MuiTypography-body2 MuiTypography-alignCenter css-6vlt0b-MuiTypography-root"
                style="--Typography-textAlign: center;"
              >
                0-0 of 0
              </span>
              <div
                class="MuiBox-root css-192dx0w"
              >
                <span
                  aria-label="Go to previous page"
                  class=""
                  data-mui-internal-clone-element="true"
                >
                  <button
                    aria-label="Go to previous page"
                    class="MuiButtonBase-root Mui-disabled MuiIconButton-root Mui-disabled MuiIconButton-sizeSmall css-155wbr6-MuiButtonBase-root-MuiIconButton-root"
                    disabled=""
                    tabindex="-1"
                    type="button"
                  >
                    <svg
                      aria-hidden="true"
                      class="MuiSvgIcon-root MuiSvgIcon-fontSizeMedium css-1umw9bq-MuiSvgIcon-root"
                      data-testid="ChevronLeftIcon"
                      focusable="false"
                      viewBox="0 0 24 24"
                    >
                      <path
                        d="M15.41 7.41 14 6l-6 6 6 6 1.41-1.41L10.83 12z"
                      />
                    </svg>
                  </button>
                </span>
                <span
                  aria-label="Go to next page"
                  class=""
                  data-mui-internal-clone-element="true"
                >
                  <button
                    aria-label="Go to next page"
                    class="MuiButtonBase-root Mui-disabled MuiIconButton-root Mui-disabled MuiIconButton-sizeSmall css-155wbr6-MuiButtonBase-root-MuiIconButton-root"
                    disabled=""
                    tabindex="-1"
                    type="button"
                  >
                    <svg
                      aria-hidden="true"
                      class="MuiSvgIcon-root MuiSvgIcon-fontSizeMedium css-1umw9bq-MuiSvgIcon-root"
                      data-testid="ChevronRightIcon"
                      focusable="false"
                      viewBox="0 0 24 24"
                    >
                      <path
                        d="M10 6 8.59 7.41 13.17 12l-4.58 4.59L10 18l6-6z"
                      />
                    </svg>
                  </button>
                </span>
              </div>
            </div>
          </div>
        </div>
      </div>
    </div>
  </div>
</DocumentFragment>
`;
