// Jest Snapshot v1, https://goo.gl/fbAQLP

exports[`Footer component renders correctly and matches snapshot 1`] = `
<DocumentFragment>
  <footer
    class="no-print MuiBox-root css-1284q0f"
  >
    <div
      class="MuiStack-root css-6rg9iv-MuiStack-root"
    >
      <p
        class="MuiTypography-root MuiTypography-body1 css-1ujqqab-MuiTypography-root"
      >
        Homehive
      </p>
      <div
        class="MuiStack-root css-g0bj1h-MuiStack-root"
      >
        <a
          class="MuiTypography-root MuiTypography-inherit MuiLink-root MuiLink-underlineNone css-1tvtxgh-MuiTypography-root-MuiLink-root"
          href="privacyPolicy"
        >
          Privacy Policy
        </a>
        <a
          class="MuiTypography-root MuiTypography-inherit MuiLink-root MuiLink-underlineNone css-1tvtxgh-MuiTypography-root-MuiLink-root"
          href="termsOfService"
        >
          Terms of Service
        </a>
        <a
          class="MuiTypography-root MuiTypography-inherit MuiLink-root MuiLink-underlineNone css-1tvtxgh-MuiTypography-root-MuiLink-root"
          href="contact"
        >
          Contact
        </a>
        <a
          class="MuiTypography-root MuiTypography-inherit MuiLink-root MuiLink-underlineNone css-1tvtxgh-MuiTypography-root-MuiLink-root"
          href="helpCenter"
        >
          Help Center
        </a>
      </div>
      <div
        class="MuiBox-root css-hydilc"
      />
      <p
        class="MuiTypography-root MuiTypography-body1 css-wdmix0-MuiTypography-root"
      >
        ©2024 Earmuffjam LLC. All rights reserved.
      </p>
    </div>
  </footer>
</DocumentFragment>
`;
