// Jest Snapshot v1, https://goo.gl/fbAQLP

exports[`InvoiceTimelineChart renders correctly and matches snapshot 1`] = `
<DocumentFragment>
  <div
    class="MuiStack-root css-nen11g-MuiStack-root"
    data-tour="dashboard-4"
  >
    <div
      data-testid="row-header"
    >
      Timeline - Overview
    </div>
    <div
      data-testid="empty-component"
    />
  </div>
</DocumentFragment>
`;
