// Jest Snapshot v1, https://goo.gl/fbAQLP

exports[`Review tests snapshot tests matches snapshot 1`] = `
<DocumentFragment>
  <div
    class="MuiStack-root css-1mhcs61-MuiStack-root"
  >
    <div
      class="MuiPaper-root MuiPaper-elevation MuiPaper-rounded MuiPaper-elevation1 MuiCard-root css-1ryt3nx-MuiPaper-root-MuiCard-root"
      style="--Paper-shadow: 0px 2px 1px -1px rgba(0,0,0,0.2),0px 1px 1px 0px rgba(0,0,0,0.14),0px 1px 3px 0px rgba(0,0,0,0.12);"
    >
      <div
        class="MuiAvatar-root MuiAvatar-circular MuiAvatar-colorDefault css-1ali8ws-MuiAvatar-root"
      >
        JL
      </div>
      <div
        class="MuiCardContent-root css-1lt5qva-MuiCardContent-root"
      >
        <p
          class="MuiTypography-root MuiTypography-body2 MuiTypography-gutterBottom css-ytim1c-MuiTypography-root"
        >
          "Been using it for a couple of months, and hands down I simply love how its super customizable."
        </p>
      </div>
      <div
        class="MuiCardActions-root MuiCardActions-spacing css-1q4nm6f-MuiCardActions-root"
      >
        <div
          class="MuiStack-root css-jfdv4h-MuiStack-root"
        >
          <span
            class="MuiTypography-root MuiTypography-caption css-1w5mft4-MuiTypography-root"
          >
            Jamie L.
          </span>
          <span
            aria-label="4 Stars"
            class="MuiRating-root MuiRating-sizeSmall Mui-readOnly css-mrxd2j-MuiRating-root"
            role="img"
          >
            <span>
              <span
                class="MuiRating-icon MuiRating-iconFilled css-1sagf1d-MuiRating-icon"
              >
                <svg
                  aria-hidden="true"
                  class="MuiSvgIcon-root MuiSvgIcon-fontSizeInherit css-1ckov0h-MuiSvgIcon-root"
                  data-testid="StarIcon"
                  focusable="false"
                  viewBox="0 0 24 24"
                >
                  <path
                    d="M12 17.27L18.18 21l-1.64-7.03L22 9.24l-7.19-.61L12 2 9.19 8.63 2 9.24l5.46 4.73L5.82 21z"
                  />
                </svg>
              </span>
            </span>
            <span>
              <span
                class="MuiRating-icon MuiRating-iconFilled css-1sagf1d-MuiRating-icon"
              >
                <svg
                  aria-hidden="true"
                  class="MuiSvgIcon-root MuiSvgIcon-fontSizeInherit css-1ckov0h-MuiSvgIcon-root"
                  data-testid="StarIcon"
                  focusable="false"
                  viewBox="0 0 24 24"
                >
                  <path
                    d="M12 17.27L18.18 21l-1.64-7.03L22 9.24l-7.19-.61L12 2 9.19 8.63 2 9.24l5.46 4.73L5.82 21z"
                  />
                </svg>
              </span>
            </span>
            <span>
              <span
                class="MuiRating-icon MuiRating-iconFilled css-1sagf1d-MuiRating-icon"
              >
                <svg
                  aria-hidden="true"
                  class="MuiSvgIcon-root MuiSvgIcon-fontSizeInherit css-1ckov0h-MuiSvgIcon-root"
                  data-testid="StarIcon"
                  focusable="false"
                  viewBox="0 0 24 24"
                >
                  <path
                    d="M12 17.27L18.18 21l-1.64-7.03L22 9.24l-7.19-.61L12 2 9.19 8.63 2 9.24l5.46 4.73L5.82 21z"
                  />
                </svg>
              </span>
            </span>
            <span>
              <span
                class="MuiRating-icon MuiRating-iconFilled css-1sagf1d-MuiRating-icon"
              >
                <svg
                  aria-hidden="true"
                  class="MuiSvgIcon-root MuiSvgIcon-fontSizeInherit css-1ckov0h-MuiSvgIcon-root"
                  data-testid="StarIcon"
                  focusable="false"
                  viewBox="0 0 24 24"
                >
                  <path
                    d="M12 17.27L18.18 21l-1.64-7.03L22 9.24l-7.19-.61L12 2 9.19 8.63 2 9.24l5.46 4.73L5.82 21z"
                  />
                </svg>
              </span>
            </span>
            <span>
              <span
                class="MuiRating-icon MuiRating-iconEmpty css-9xw0na-MuiRating-icon"
              >
                <svg
                  aria-hidden="true"
                  class="MuiSvgIcon-root MuiSvgIcon-fontSizeInherit css-1ckov0h-MuiSvgIcon-root"
                  data-testid="StarBorderIcon"
                  focusable="false"
                  viewBox="0 0 24 24"
                >
                  <path
                    d="M22 9.24l-7.19-.62L12 2 9.19 8.63 2 9.24l5.46 4.73L5.82 21 12 17.27 18.18 21l-1.63-7.03L22 9.24zM12 15.4l-3.76 2.27 1-4.28-3.32-2.88 4.38-.38L12 6.1l1.71 4.04 4.38.38-3.32 2.88 1 4.28L12 15.4z"
                  />
                </svg>
              </span>
            </span>
          </span>
        </div>
      </div>
    </div>
    <div
      class="MuiPaper-root MuiPaper-elevation MuiPaper-rounded MuiPaper-elevation1 MuiCard-root css-1ryt3nx-MuiPaper-root-MuiCard-root"
      style="--Paper-shadow: 0px 2px 1px -1px rgba(0,0,0,0.2),0px 1px 1px 0px rgba(0,0,0,0.14),0px 1px 3px 0px rgba(0,0,0,0.12);"
    >
      <div
        class="MuiAvatar-root MuiAvatar-circular MuiAvatar-colorDefault css-1nm0cv6-MuiAvatar-root"
      >
        MR
      </div>
      <div
        class="MuiCardContent-root css-1lt5qva-MuiCardContent-root"
      >
        <p
          class="MuiTypography-root MuiTypography-body2 MuiTypography-gutterBottom css-ytim1c-MuiTypography-root"
        >
          "Love the look and feel of the app. The automatic system managing email notifications is top tier."
        </p>
      </div>
      <div
        class="MuiCardActions-root MuiCardActions-spacing css-1q4nm6f-MuiCardActions-root"
      >
        <div
          class="MuiStack-root css-jfdv4h-MuiStack-root"
        >
          <span
            class="MuiTypography-root MuiTypography-caption css-1w5mft4-MuiTypography-root"
          >
            Marcus R.
          </span>
          <span
            aria-label="5 Stars"
            class="MuiRating-root MuiRating-sizeSmall Mui-readOnly css-mrxd2j-MuiRating-root"
            role="img"
          >
            <span>
              <span
                class="MuiRating-icon MuiRating-iconFilled css-1sagf1d-MuiRating-icon"
              >
                <svg
                  aria-hidden="true"
                  class="MuiSvgIcon-root MuiSvgIcon-fontSizeInherit css-1ckov0h-MuiSvgIcon-root"
                  data-testid="StarIcon"
                  focusable="false"
                  viewBox="0 0 24 24"
                >
                  <path
                    d="M12 17.27L18.18 21l-1.64-7.03L22 9.24l-7.19-.61L12 2 9.19 8.63 2 9.24l5.46 4.73L5.82 21z"
                  />
                </svg>
              </span>
            </span>
            <span>
              <span
                class="MuiRating-icon MuiRating-iconFilled css-1sagf1d-MuiRating-icon"
              >
                <svg
                  aria-hidden="true"
                  class="MuiSvgIcon-root MuiSvgIcon-fontSizeInherit css-1ckov0h-MuiSvgIcon-root"
                  data-testid="StarIcon"
                  focusable="false"
                  viewBox="0 0 24 24"
                >
                  <path
                    d="M12 17.27L18.18 21l-1.64-7.03L22 9.24l-7.19-.61L12 2 9.19 8.63 2 9.24l5.46 4.73L5.82 21z"
                  />
                </svg>
              </span>
            </span>
            <span>
              <span
                class="MuiRating-icon MuiRating-iconFilled css-1sagf1d-MuiRating-icon"
              >
                <svg
                  aria-hidden="true"
                  class="MuiSvgIcon-root MuiSvgIcon-fontSizeInherit css-1ckov0h-MuiSvgIcon-root"
                  data-testid="StarIcon"
                  focusable="false"
                  viewBox="0 0 24 24"
                >
                  <path
                    d="M12 17.27L18.18 21l-1.64-7.03L22 9.24l-7.19-.61L12 2 9.19 8.63 2 9.24l5.46 4.73L5.82 21z"
                  />
                </svg>
              </span>
            </span>
            <span>
              <span
                class="MuiRating-icon MuiRating-iconFilled css-1sagf1d-MuiRating-icon"
              >
                <svg
                  aria-hidden="true"
                  class="MuiSvgIcon-root MuiSvgIcon-fontSizeInherit css-1ckov0h-MuiSvgIcon-root"
                  data-testid="StarIcon"
                  focusable="false"
                  viewBox="0 0 24 24"
                >
                  <path
                    d="M12 17.27L18.18 21l-1.64-7.03L22 9.24l-7.19-.61L12 2 9.19 8.63 2 9.24l5.46 4.73L5.82 21z"
                  />
                </svg>
              </span>
            </span>
            <span>
              <span
                class="MuiRating-icon MuiRating-iconFilled css-1sagf1d-MuiRating-icon"
              >
                <svg
                  aria-hidden="true"
                  class="MuiSvgIcon-root MuiSvgIcon-fontSizeInherit css-1ckov0h-MuiSvgIcon-root"
                  data-testid="StarIcon"
                  focusable="false"
                  viewBox="0 0 24 24"
                >
                  <path
                    d="M12 17.27L18.18 21l-1.64-7.03L22 9.24l-7.19-.61L12 2 9.19 8.63 2 9.24l5.46 4.73L5.82 21z"
                  />
                </svg>
              </span>
            </span>
          </span>
        </div>
      </div>
    </div>
    <div
      class="MuiPaper-root MuiPaper-elevation MuiPaper-rounded MuiPaper-elevation1 MuiCard-root css-1ryt3nx-MuiPaper-root-MuiCard-root"
      style="--Paper-shadow: 0px 2px 1px -1px rgba(0,0,0,0.2),0px 1px 1px 0px rgba(0,0,0,0.14),0px 1px 3px 0px rgba(0,0,0,0.12);"
    >
      <div
        class="MuiAvatar-root MuiAvatar-circular MuiAvatar-colorDefault css-14h16n2-MuiAvatar-root"
      >
        SK
      </div>
      <div
        class="MuiCardContent-root css-1lt5qva-MuiCardContent-root"
      >
        <p
          class="MuiTypography-root MuiTypography-body2 MuiTypography-gutterBottom css-ytim1c-MuiTypography-root"
        >
          "Now I don't have to waste time creating new invoices everytime. Super helpful love it. 10 by 10 would recommend."
        </p>
      </div>
      <div
        class="MuiCardActions-root MuiCardActions-spacing css-1q4nm6f-MuiCardActions-root"
      >
        <div
          class="MuiStack-root css-jfdv4h-MuiStack-root"
        >
          <span
            class="MuiTypography-root MuiTypography-caption css-1w5mft4-MuiTypography-root"
          >
            Sara K.
          </span>
          <span
            aria-label="4 Stars"
            class="MuiRating-root MuiRating-sizeSmall Mui-readOnly css-mrxd2j-MuiRating-root"
            role="img"
          >
            <span>
              <span
                class="MuiRating-icon MuiRating-iconFilled css-1sagf1d-MuiRating-icon"
              >
                <svg
                  aria-hidden="true"
                  class="MuiSvgIcon-root MuiSvgIcon-fontSizeInherit css-1ckov0h-MuiSvgIcon-root"
                  data-testid="StarIcon"
                  focusable="false"
                  viewBox="0 0 24 24"
                >
                  <path
                    d="M12 17.27L18.18 21l-1.64-7.03L22 9.24l-7.19-.61L12 2 9.19 8.63 2 9.24l5.46 4.73L5.82 21z"
                  />
                </svg>
              </span>
            </span>
            <span>
              <span
                class="MuiRating-icon MuiRating-iconFilled css-1sagf1d-MuiRating-icon"
              >
                <svg
                  aria-hidden="true"
                  class="MuiSvgIcon-root MuiSvgIcon-fontSizeInherit css-1ckov0h-MuiSvgIcon-root"
                  data-testid="StarIcon"
                  focusable="false"
                  viewBox="0 0 24 24"
                >
                  <path
                    d="M12 17.27L18.18 21l-1.64-7.03L22 9.24l-7.19-.61L12 2 9.19 8.63 2 9.24l5.46 4.73L5.82 21z"
                  />
                </svg>
              </span>
            </span>
            <span>
              <span
                class="MuiRating-icon MuiRating-iconFilled css-1sagf1d-MuiRating-icon"
              >
                <svg
                  aria-hidden="true"
                  class="MuiSvgIcon-root MuiSvgIcon-fontSizeInherit css-1ckov0h-MuiSvgIcon-root"
                  data-testid="StarIcon"
                  focusable="false"
                  viewBox="0 0 24 24"
                >
                  <path
                    d="M12 17.27L18.18 21l-1.64-7.03L22 9.24l-7.19-.61L12 2 9.19 8.63 2 9.24l5.46 4.73L5.82 21z"
                  />
                </svg>
              </span>
            </span>
            <span>
              <span
                class="MuiRating-icon MuiRating-iconFilled css-1sagf1d-MuiRating-icon"
              >
                <svg
                  aria-hidden="true"
                  class="MuiSvgIcon-root MuiSvgIcon-fontSizeInherit css-1ckov0h-MuiSvgIcon-root"
                  data-testid="StarIcon"
                  focusable="false"
                  viewBox="0 0 24 24"
                >
                  <path
                    d="M12 17.27L18.18 21l-1.64-7.03L22 9.24l-7.19-.61L12 2 9.19 8.63 2 9.24l5.46 4.73L5.82 21z"
                  />
                </svg>
              </span>
            </span>
            <span>
              <span
                class="MuiRating-icon MuiRating-iconEmpty css-9xw0na-MuiRating-icon"
              >
                <svg
                  aria-hidden="true"
                  class="MuiSvgIcon-root MuiSvgIcon-fontSizeInherit css-1ckov0h-MuiSvgIcon-root"
                  data-testid="StarBorderIcon"
                  focusable="false"
                  viewBox="0 0 24 24"
                >
                  <path
                    d="M22 9.24l-7.19-.62L12 2 9.19 8.63 2 9.24l5.46 4.73L5.82 21 12 17.27 18.18 21l-1.63-7.03L22 9.24zM12 15.4l-3.76 2.27 1-4.28-3.32-2.88 4.38-.38L12 6.1l1.71 4.04 4.38.38-3.32 2.88 1 4.28L12 15.4z"
                  />
                </svg>
              </span>
            </span>
          </span>
        </div>
      </div>
    </div>
  </div>
</DocumentFragment>
`;
