// Jest Snapshot v1, https://goo.gl/fbAQLP

exports[`View maintenance record tests UpdateMaintenanceItemStatus matches snapshot 1`] = `
<div
  class="MuiStack-root css-jfdv4h-MuiStack-root"
>
  <form>
    <div
      class="MuiStack-root css-niqf4j-MuiStack-root"
    >
      <div
        class="MuiStack-root css-9j5txs-MuiStack-root"
      >
        <div
          class="MuiStack-root css-niqf4j-MuiStack-root"
        >
          <span
            class="MuiBox-root css-1ta4aep"
            variant="body2"
          >
            Total Repair Cost *
          </span>
        </div>
        <div
          class="MuiFormControl-root MuiFormControl-fullWidth MuiTextField-root css-cmpglg-MuiFormControl-root-MuiTextField-root"
        >
          <div
            class="MuiInputBase-root MuiOutlinedInput-root MuiInputBase-colorPrimary MuiInputBase-fullWidth MuiInputBase-formControl MuiInputBase-sizeSmall css-1blp12k-MuiInputBase-root-MuiOutlinedInput-root"
          >
            <input
              aria-invalid="false"
              aria-label="Total Repair Cost *"
              class="MuiInputBase-input MuiOutlinedInput-input MuiInputBase-inputSizeSmall css-1pzfmz2-MuiInputBase-input-MuiOutlinedInput-input"
              id="cost"
              name="cost"
              placeholder="Enter the estimated cost for the repair"
              type="text"
              value=""
            />
            <fieldset
              aria-hidden="true"
              class="MuiOutlinedInput-notchedOutline css-18p5xg2-MuiNotchedOutlined-root-MuiOutlinedInput-notchedOutline"
            >
              <legend
                class="css-1nf2c5d-MuiNotchedOutlined-root"
              >
                <span
                  aria-hidden="true"
                  class="notranslate"
                >
                  ​
                </span>
              </legend>
            </fieldset>
          </div>
        </div>
      </div>
      <div
        class="MuiStack-root css-9j5txs-MuiStack-root"
      >
        <div
          class="MuiStack-root css-niqf4j-MuiStack-root"
        >
          <span
            class="MuiBox-root css-1ta4aep"
            variant="body2"
          >
            Payment Method *
          </span>
        </div>
        <div
          class="MuiFormControl-root MuiFormControl-fullWidth MuiTextField-root css-cmpglg-MuiFormControl-root-MuiTextField-root"
        >
          <div
            class="MuiInputBase-root MuiOutlinedInput-root MuiInputBase-colorPrimary MuiInputBase-fullWidth MuiInputBase-formControl MuiInputBase-sizeSmall css-1blp12k-MuiInputBase-root-MuiOutlinedInput-root"
          >
            <input
              aria-invalid="false"
              aria-label="Payment Method *"
              class="MuiInputBase-input MuiOutlinedInput-input MuiInputBase-inputSizeSmall css-1pzfmz2-MuiInputBase-input-MuiOutlinedInput-input"
              id="paymentMethod"
              name="paymentMethod"
              placeholder="Zelle, Cash..."
              type="text"
              value=""
            />
            <fieldset
              aria-hidden="true"
              class="MuiOutlinedInput-notchedOutline css-18p5xg2-MuiNotchedOutlined-root-MuiOutlinedInput-notchedOutline"
            >
              <legend
                class="css-1nf2c5d-MuiNotchedOutlined-root"
              >
                <span
                  aria-hidden="true"
                  class="notranslate"
                >
                  ​
                </span>
              </legend>
            </fieldset>
          </div>
        </div>
      </div>
    </div>
    <div
      class="MuiBox-root css-ieri5n"
    >
      <div
        class="MuiStack-root css-9j5txs-MuiStack-root"
      >
        <div
          class="MuiStack-root css-niqf4j-MuiStack-root"
        >
          <span
            class="MuiBox-root css-1ta4aep"
            variant="body2"
          >
            Note *
          </span>
        </div>
        <div
          class="MuiFormControl-root MuiFormControl-fullWidth MuiTextField-root css-cmpglg-MuiFormControl-root-MuiTextField-root"
        >
          <div
            class="MuiInputBase-root MuiOutlinedInput-root MuiInputBase-colorPrimary MuiInputBase-fullWidth MuiInputBase-formControl MuiInputBase-sizeSmall MuiInputBase-multiline css-szkf5z-MuiInputBase-root-MuiOutlinedInput-root"
          >
            <textarea
              aria-invalid="false"
              aria-label="Note *"
              class="MuiInputBase-input MuiOutlinedInput-input MuiInputBase-inputMultiline MuiInputBase-inputSizeSmall css-msbelq-MuiInputBase-input-MuiOutlinedInput-input"
              id="note"
              name="note"
              placeholder="Enter resolution or notes under 500 characters"
              rows="5"
              style="height: 0px; overflow: hidden;"
            />
            <textarea
              aria-hidden="true"
              class="MuiInputBase-input MuiOutlinedInput-input MuiInputBase-inputMultiline MuiInputBase-inputSizeSmall css-msbelq-MuiInputBase-input-MuiOutlinedInput-input"
              readonly=""
              style="visibility: hidden; position: absolute; overflow: hidden; height: 0px; top: 0px; left: 0px; transform: translateZ(0); padding-top: 0px; padding-bottom: 0px; width: 100%;"
              tabindex="-1"
            />
            <fieldset
              aria-hidden="true"
              class="MuiOutlinedInput-notchedOutline css-18p5xg2-MuiNotchedOutlined-root-MuiOutlinedInput-notchedOutline"
            >
              <legend
                class="css-1nf2c5d-MuiNotchedOutlined-root"
              >
                <span
                  aria-hidden="true"
                  class="notranslate"
                >
                  ​
                </span>
              </legend>
            </fieldset>
          </div>
        </div>
      </div>
    </div>
  </form>
  <div
    class="MuiBox-root css-56sg73"
  >
    <button
      disabled=""
    >
      Update maintenance request
    </button>
  </div>
</div>
`;
