// Jest Snapshot v1, https://goo.gl/fbAQLP

exports[`View maintenance record tests ViewMaintenanceRecord matches snapshot 1`] = `
<div
  class="MuiStack-root css-1sazv7p-MuiStack-root"
>
  <div
    data-testid="material-react-table"
  >
    [{"id":"1","maintenanceCategory":"Plumbing","status":"Pending","description":"Leaky faucet","tenantEmail":"tenant@test.com","updatedOn":"2026-01-01T00:00:00.000Z"}]
  </div>
  <div>
    CustomSnackbar
  </div>
</div>
`;
