// Jest Snapshot v1, https://goo.gl/fbAQLP

exports[`EmptyComponent Jest Tests EmptyComponent Snapshot tests should render the correct snapshot 1`] = `
<DocumentFragment>
  <div
    class="MuiStack-root css-1ug9gnt-MuiStack-root"
  >
    <p
      class="MuiTypography-root MuiTypography-body1 css-m4t3jl-MuiTypography-root"
    >
      Sorry, no matching records found.
    </p>
    <div
      class="MuiStack-root css-nen11g-MuiStack-root"
    >
      <span
        class="MuiTypography-root MuiTypography-caption css-mpaqru-MuiTypography-root"
      />
    </div>
  </div>
</DocumentFragment>
`;
