// Jest Snapshot v1, https://goo.gl/fbAQLP

exports[`ViewSigningFields Tests Snapshot Tests matches snapshot 1`] = `
<div>
  <div
    class="MuiStack-root css-9pj9ev-MuiStack-root"
  >
    <span
      class="MuiTypography-root MuiTypography-caption css-1602dsf-MuiTypography-root"
    >
      Placed Fields
    </span>
    <div
      class="MuiStack-root css-10k1dl5-MuiStack-root"
    >
      <div
        class="MuiButtonBase-root MuiChip-root MuiChip-filled MuiChip-sizeSmall MuiChip-colorDefault MuiChip-deletable MuiChip-deletableColorDefault MuiChip-filledDefault css-b3y15p-MuiButtonBase-root-MuiChip-root"
        role="button"
        tabindex="0"
      >
        <span
          class="MuiChip-label MuiChip-labelSmall css-eccknh-MuiChip-label"
        >
          Creator — Page 1
        </span>
        <svg
          aria-hidden="true"
          class="MuiSvgIcon-root MuiSvgIcon-fontSizeMedium MuiChip-deleteIcon MuiChip-deleteIconSmall MuiChip-deleteIconColorDefault MuiChip-deleteIconFilledColorDefault css-1umw9bq-MuiSvgIcon-root"
          data-testid="CancelIcon"
          focusable="false"
          viewBox="0 0 24 24"
        >
          <path
            d="M12 2C6.47 2 2 6.47 2 12s4.47 10 10 10 10-4.47 10-10S17.53 2 12 2zm5 13.59L15.59 17 12 13.41 8.41 17 7 15.59 10.59 12 7 8.41 8.41 7 12 10.59 15.59 7 17 8.41 13.41 12 17 15.59z"
          />
        </svg>
      </div>
    </div>
  </div>
</div>
`;
