// Jest Snapshot v1, https://goo.gl/fbAQLP

exports[`UploadEsignDocument Component Tests UploadEsignDocument Snapshot Tests matches snapshot 1`] = `
<DocumentFragment>
  <div
    class="MuiBox-root css-0"
    data-tour="esign-2"
  >
    <label
      class="MuiButtonBase-root MuiButton-root MuiButton-outlined MuiButton-outlinedPrimary MuiButton-sizeSmall MuiButton-outlinedSizeSmall MuiButton-colorPrimary css-wyro15-MuiButtonBase-root-MuiButton-root"
      role="undefined"
      tabindex="0"
    >
      Upload files
      <input
        class="css-1ukdhoc"
        type="file"
      />
    </label>
  </div>
</DocumentFragment>
`;
