// Jest Snapshot v1, https://goo.gl/fbAQLP

exports[`MyRental matches snapshot (full loaded state) 1`] = `
<div>
  <div
    class="MuiStack-root css-nen11g-MuiStack-root"
    data-tour="rental-0"
  >
    <div
      class="MuiPaper-root MuiPaper-elevation MuiPaper-rounded MuiPaper-elevation0 css-gd7n75-MuiPaper-root"
      style="--Paper-shadow: none;"
    >
      <div
        data-testid="property-header"
      />
      <div
        data-testid="property-stats"
      />
    </div>
    <div
      class="MuiGrid-root MuiGrid-container MuiGrid-direction-xs-row MuiGrid-spacing-xs-3 css-1u8xl8z-MuiGrid-root"
    >
      <div
        class="MuiGrid-root MuiGrid-direction-xs-row MuiGrid-grid-xs-12 MuiGrid-grid-md-8 css-q5srq4-MuiGrid-root"
      >
        <div
          data-testid="financial-overview"
        />
        <div
          data-testid="payment-overview"
        />
        <div
          class="MuiPaper-root MuiPaper-elevation MuiPaper-rounded MuiPaper-elevation1 MuiCard-root css-1l0syj-MuiPaper-root-MuiCard-root"
          style="--Paper-shadow: 0px 2px 1px -1px rgba(0,0,0,0.2),0px 1px 1px 0px rgba(0,0,0,0.14),0px 1px 3px 0px rgba(0,0,0,0.12);"
        >
          <div
            class="MuiCardContent-root css-1lt5qva-MuiCardContent-root"
          >
            <div
              class="MuiStack-root css-1tag0n1-MuiStack-root"
            >
              <h5
                class="MuiTypography-root MuiTypography-h5 css-14jaoc3-MuiTypography-root"
              >
                Maintenance Overview
              </h5>
              <h6
                class="MuiTypography-root MuiTypography-subtitle2 css-1tspyaz-MuiTypography-root"
              >
                View maintenance requests for Charles Zanco Home
              </h6>
              <div
                class="MuiBox-root css-56sg73"
              />
            </div>
            <div
              class="MuiStack-root css-1sazv7p-MuiStack-root"
            >
              <div
                class="MuiStack-root css-1sazv7p-MuiStack-root"
              >
                <div
                  class="MuiPaper-root MuiPaper-elevation MuiPaper-rounded MuiPaper-elevation0 css-1uz3ykl-MuiPaper-root"
                  style="--Paper-shadow: none;"
                >
                  <div
                    class="MuiTableContainer-root css-mhsyl6-MuiTableContainer-root"
                  >
                    <table
                      class="MuiTable-root css-1cr5sg7-MuiTable-root"
                      style="--header-mrt_row_expand-size: 70; --col-mrt_row_expand-size: 70; --header-maintenanceCategory-size: 50; --col-maintenanceCategory-size: 50; --header-status-size: 50; --col-status-size: 50; --header-description-size: 200; --col-description-size: 200; --header-tenantEmail-size: 150; --col-tenantEmail-size: 150; --header-updatedOn-size: 150; --col-updatedOn-size: 150;"
                    >
                      <thead
                        class="MuiTableHead-root css-1w3oqpz-MuiTableHead-root"
                      >
                        <tr
                          class="MuiTableRow-root MuiTableRow-head css-1w6yqxo-MuiTableRow-root"
                        >
                          <th
                            aria-sort="none"
                            class="MuiTableCell-root MuiTableCell-head MuiTableCell-alignLeft MuiTableCell-sizeMedium css-1sjznkk-MuiTableCell-root"
                            colspan="1"
                            data-index="0"
                            scope="col"
                            tabindex="0"
                          >
                            <div
                              class="Mui-TableHeadCell-Content MuiBox-root css-1w86f15"
                            >
                              <div
                                class="Mui-TableHeadCell-Content-Labels MuiBox-root css-4ng264"
                              >
                                <div
                                  class="Mui-TableHeadCell-Content-Wrapper MuiBox-root css-10aqj5p"
                                />
                              </div>
                              <div
                                class="Mui-TableHeadCell-Content-Actions MuiBox-root css-epvm6"
                              />
                            </div>
                          </th>
                          <th
                            aria-sort="none"
                            class="MuiTableCell-root MuiTableCell-head MuiTableCell-alignLeft MuiTableCell-sizeMedium css-1jx092p-MuiTableCell-root"
                            colspan="1"
                            data-can-sort="true"
                            data-index="1"
                            scope="col"
                            tabindex="0"
                          >
                            <div
                              class="Mui-TableHeadCell-Content MuiBox-root css-1w86f15"
                            >
                              <div
                                class="Mui-TableHeadCell-Content-Labels MuiBox-root css-68rqdf"
                              >
                                <div
                                  class="Mui-TableHeadCell-Content-Wrapper MuiBox-root css-lapokc"
                                >
                                  Category
                                </div>
                                <span
                                  aria-label="Sort by Category ascending"
                                  class="MuiBadge-root css-63ezxx-MuiBadge-root"
                                  data-mui-internal-clone-element="true"
                                >
                                  <span
                                    aria-label="Sort by Category ascending"
                                    class="MuiButtonBase-root MuiTableSortLabel-root Mui-active MuiTableSortLabel-directionAsc css-zae4v7-MuiButtonBase-root-MuiTableSortLabel-root"
                                    role="button"
                                    tabindex="0"
                                  >
                                    <svg
                                      aria-hidden="true"
                                      class="MuiSvgIcon-root MuiSvgIcon-fontSizeMedium MuiTableSortLabel-icon MuiTableSortLabel-iconDirectionAsc css-7ojauk-MuiSvgIcon-root-MuiTableSortLabel-icon"
                                      data-testid="SyncAltIcon"
                                      focusable="false"
                                      style="transform: rotate(-90deg) scaleX(0.9) translateX(-1px);"
                                      viewBox="0 0 24 24"
                                    >
                                      <path
                                        d="m18 12 4-4-4-4v3H3v2h15zM6 12l-4 4 4 4v-3h15v-2H6z"
                                      />
                                    </svg>
                                  </span>
                                  <span
                                    class="MuiBadge-badge MuiBadge-standard MuiBadge-invisible MuiBadge-anchorOriginTopRight MuiBadge-anchorOriginTopRightCircular MuiBadge-overlapCircular css-1q3fol-MuiBadge-badge"
                                  >
                                    0
                                  </span>
                                </span>
                              </div>
                              <div
                                class="Mui-TableHeadCell-Content-Actions MuiBox-root css-epvm6"
                              />
                            </div>
                          </th>
                          <th
                            aria-sort="none"
                            class="MuiTableCell-root MuiTableCell-head MuiTableCell-alignLeft MuiTableCell-sizeMedium css-j43uog-MuiTableCell-root"
                            colspan="1"
                            data-can-sort="true"
                            data-index="2"
                            scope="col"
                            tabindex="0"
                          >
                            <div
                              class="Mui-TableHeadCell-Content MuiBox-root css-1w86f15"
                            >
                              <div
                                class="Mui-TableHeadCell-Content-Labels MuiBox-root css-68rqdf"
                              >
                                <div
                                  class="Mui-TableHeadCell-Content-Wrapper MuiBox-root css-lapokc"
                                >
                                  Status
                                </div>
                                <span
                                  aria-label="Sort by Status descending"
                                  class="MuiBadge-root css-63ezxx-MuiBadge-root"
                                  data-mui-internal-clone-element="true"
                                >
                                  <span
                                    aria-label="Sort by Status descending"
                                    class="MuiButtonBase-root MuiTableSortLabel-root Mui-active MuiTableSortLabel-directionAsc css-zae4v7-MuiButtonBase-root-MuiTableSortLabel-root"
                                    role="button"
                                    tabindex="0"
                                  >
                                    <svg
                                      aria-hidden="true"
                                      class="MuiSvgIcon-root MuiSvgIcon-fontSizeMedium MuiTableSortLabel-icon MuiTableSortLabel-iconDirectionAsc css-7ojauk-MuiSvgIcon-root-MuiTableSortLabel-icon"
                                      data-testid="SyncAltIcon"
                                      focusable="false"
                                      style="transform: rotate(-90deg) scaleX(0.9) translateX(-1px);"
                                      viewBox="0 0 24 24"
                                    >
                                      <path
                                        d="m18 12 4-4-4-4v3H3v2h15zM6 12l-4 4 4 4v-3h15v-2H6z"
                                      />
                                    </svg>
                                  </span>
                                  <span
                                    class="MuiBadge-badge MuiBadge-standard MuiBadge-invisible MuiBadge-anchorOriginTopRight MuiBadge-anchorOriginTopRightCircular MuiBadge-overlapCircular css-1q3fol-MuiBadge-badge"
                                  >
                                    0
                                  </span>
                                </span>
                              </div>
                              <div
                                class="Mui-TableHeadCell-Content-Actions MuiBox-root css-epvm6"
                              />
                            </div>
                          </th>
                          <th
                            aria-sort="none"
                            class="MuiTableCell-root MuiTableCell-head MuiTableCell-alignLeft MuiTableCell-sizeMedium css-ienjkg-MuiTableCell-root"
                            colspan="1"
                            data-can-sort="true"
                            data-index="3"
                            scope="col"
                            tabindex="0"
                          >
                            <div
                              class="Mui-TableHeadCell-Content MuiBox-root css-1w86f15"
                            >
                              <div
                                class="Mui-TableHeadCell-Content-Labels MuiBox-root css-68rqdf"
                              >
                                <div
                                  class="Mui-TableHeadCell-Content-Wrapper MuiBox-root css-lapokc"
                                >
                                  Description
                                </div>
                                <span
                                  aria-label="Sort by Description ascending"
                                  class="MuiBadge-root css-63ezxx-MuiBadge-root"
                                  data-mui-internal-clone-element="true"
                                >
                                  <span
                                    aria-label="Sort by Description ascending"
                                    class="MuiButtonBase-root MuiTableSortLabel-root Mui-active MuiTableSortLabel-directionAsc css-zae4v7-MuiButtonBase-root-MuiTableSortLabel-root"
                                    role="button"
                                    tabindex="0"
                                  >
                                    <svg
                                      aria-hidden="true"
                                      class="MuiSvgIcon-root MuiSvgIcon-fontSizeMedium MuiTableSortLabel-icon MuiTableSortLabel-iconDirectionAsc css-7ojauk-MuiSvgIcon-root-MuiTableSortLabel-icon"
                                      data-testid="SyncAltIcon"
                                      focusable="false"
                                      style="transform: rotate(-90deg) scaleX(0.9) translateX(-1px);"
                                      viewBox="0 0 24 24"
                                    >
                                      <path
                                        d="m18 12 4-4-4-4v3H3v2h15zM6 12l-4 4 4 4v-3h15v-2H6z"
                                      />
                                    </svg>
                                  </span>
                                  <span
                                    class="MuiBadge-badge MuiBadge-standard MuiBadge-invisible MuiBadge-anchorOriginTopRight MuiBadge-anchorOriginTopRightCircular MuiBadge-overlapCircular css-1q3fol-MuiBadge-badge"
                                  >
                                    0
                                  </span>
                                </span>
                              </div>
                              <div
                                class="Mui-TableHeadCell-Content-Actions MuiBox-root css-epvm6"
                              />
                            </div>
                          </th>
                          <th
                            aria-sort="none"
                            class="MuiTableCell-root MuiTableCell-head MuiTableCell-alignLeft MuiTableCell-sizeMedium css-12wghiz-MuiTableCell-root"
                            colspan="1"
                            data-can-sort="true"
                            data-index="4"
                            scope="col"
                            tabindex="0"
                          >
                            <div
                              class="Mui-TableHeadCell-Content MuiBox-root css-1w86f15"
                            >
                              <div
                                class="Mui-TableHeadCell-Content-Labels MuiBox-root css-68rqdf"
                              >
                                <div
                                  class="Mui-TableHeadCell-Content-Wrapper MuiBox-root css-lapokc"
                                >
                                  Tenant Email
                                </div>
                                <span
                                  aria-label="Sort by Tenant Email ascending"
                                  class="MuiBadge-root css-63ezxx-MuiBadge-root"
                                  data-mui-internal-clone-element="true"
                                >
                                  <span
                                    aria-label="Sort by Tenant Email ascending"
                                    class="MuiButtonBase-root MuiTableSortLabel-root Mui-active MuiTableSortLabel-directionAsc css-zae4v7-MuiButtonBase-root-MuiTableSortLabel-root"
                                    role="button"
                                    tabindex="0"
                                  >
                                    <svg
                                      aria-hidden="true"
                                      class="MuiSvgIcon-root MuiSvgIcon-fontSizeMedium MuiTableSortLabel-icon MuiTableSortLabel-iconDirectionAsc css-7ojauk-MuiSvgIcon-root-MuiTableSortLabel-icon"
                                      data-testid="SyncAltIcon"
                                      focusable="false"
                                      style="transform: rotate(-90deg) scaleX(0.9) translateX(-1px);"
                                      viewBox="0 0 24 24"
                                    >
                                      <path
                                        d="m18 12 4-4-4-4v3H3v2h15zM6 12l-4 4 4 4v-3h15v-2H6z"
                                      />
                                    </svg>
                                  </span>
                                  <span
                                    class="MuiBadge-badge MuiBadge-standard MuiBadge-invisible MuiBadge-anchorOriginTopRight MuiBadge-anchorOriginTopRightCircular MuiBadge-overlapCircular css-1q3fol-MuiBadge-badge"
                                  >
                                    0
                                  </span>
                                </span>
                              </div>
                              <div
                                class="Mui-TableHeadCell-Content-Actions MuiBox-root css-epvm6"
                              />
                            </div>
                          </th>
                          <th
                            aria-sort="descending"
                            class="MuiTableCell-root MuiTableCell-head MuiTableCell-alignLeft MuiTableCell-sizeMedium css-iejvou-MuiTableCell-root"
                            colspan="1"
                            data-can-sort="true"
                            data-index="5"
                            data-sort="desc"
                            scope="col"
                            tabindex="0"
                          >
                            <div
                              class="Mui-TableHeadCell-Content MuiBox-root css-1w86f15"
                            >
                              <div
                                class="Mui-TableHeadCell-Content-Labels MuiBox-root css-68rqdf"
                              >
                                <div
                                  class="Mui-TableHeadCell-Content-Wrapper MuiBox-root css-lapokc"
                                >
                                  Updated on
                                </div>
                                <span
                                  aria-label="Sorted by Updated on descending"
                                  class="MuiBadge-root css-63ezxx-MuiBadge-root"
                                  data-mui-internal-clone-element="true"
                                >
                                  <span
                                    aria-label="Sorted by Updated on descending"
                                    class="MuiButtonBase-root MuiTableSortLabel-root Mui-active MuiTableSortLabel-directionDesc css-9kxhll-MuiButtonBase-root-MuiTableSortLabel-root"
                                    role="button"
                                    tabindex="0"
                                  >
                                    <svg
                                      aria-hidden="true"
                                      class="MuiSvgIcon-root MuiSvgIcon-fontSizeMedium MuiTableSortLabel-icon MuiTableSortLabel-iconDirectionDesc css-asweb8-MuiSvgIcon-root-MuiTableSortLabel-icon"
                                      data-testid="ArrowDownwardIcon"
                                      focusable="false"
                                      viewBox="0 0 24 24"
                                    >
                                      <path
                                        d="m20 12-1.41-1.41L13 16.17V4h-2v12.17l-5.58-5.59L4 12l8 8z"
                                      />
                                    </svg>
                                  </span>
                                  <span
                                    class="MuiBadge-badge MuiBadge-standard MuiBadge-invisible MuiBadge-anchorOriginTopRight MuiBadge-anchorOriginTopRightCircular MuiBadge-overlapCircular css-1q3fol-MuiBadge-badge"
                                  >
                                    0
                                  </span>
                                </span>
                              </div>
                              <div
                                class="Mui-TableHeadCell-Content-Actions MuiBox-root css-epvm6"
                              />
                            </div>
                          </th>
                        </tr>
                      </thead>
                      <tbody
                        class="MuiTableBody-root css-1768eoe-MuiTableBody-root"
                      >
                        <tr
                          class="MuiTableRow-root css-1nmlwky-MuiTableRow-root"
                          data-index="0"
                        >
                          <td
                            class="MuiTableCell-root MuiTableCell-body MuiTableCell-alignLeft MuiTableCell-sizeMedium css-ug9ox1-MuiTableCell-root"
                            data-index="0"
                            tabindex="0"
                          >
                            <span
                              aria-label="Expand"
                              class=""
                              data-mui-internal-clone-element="true"
                            >
                              <button
                                aria-label="Expand"
                                class="MuiButtonBase-root Mui-disabled MuiIconButton-root Mui-disabled MuiIconButton-sizeMedium css-1vkfkxh-MuiButtonBase-root-MuiIconButton-root"
                                disabled=""
                                tabindex="-1"
                                type="button"
                              >
                                <svg
                                  aria-hidden="true"
                                  class="MuiSvgIcon-root MuiSvgIcon-fontSizeMedium css-q861zp-MuiSvgIcon-root"
                                  data-testid="CommentRoundedIcon"
                                  focusable="false"
                                  viewBox="0 0 24 24"
                                >
                                  <path
                                    d="M21.99 4c0-1.1-.89-2-1.99-2H4c-1.1 0-2 .9-2 2v12c0 1.1.9 2 2 2h14l4 4zM17 14H7c-.55 0-1-.45-1-1s.45-1 1-1h10c.55 0 1 .45 1 1s-.45 1-1 1m0-3H7c-.55 0-1-.45-1-1s.45-1 1-1h10c.55 0 1 .45 1 1s-.45 1-1 1m0-3H7c-.55 0-1-.45-1-1s.45-1 1-1h10c.55 0 1 .45 1 1s-.45 1-1 1"
                                  />
                                </svg>
                              </button>
                            </span>
                          </td>
                          <td
                            class="MuiTableCell-root MuiTableCell-body MuiTableCell-alignLeft MuiTableCell-sizeMedium css-78fgic-MuiTableCell-root"
                            data-index="1"
                            tabindex="0"
                          >
                            <h6
                              class="MuiTypography-root MuiTypography-subtitle2 css-1tspyaz-MuiTypography-root"
                            >
                              Appliances
                            </h6>
                          </td>
                          <td
                            class="MuiTableCell-root MuiTableCell-body MuiTableCell-alignLeft MuiTableCell-sizeMedium css-xrq0e5-MuiTableCell-root"
                            data-index="2"
                            tabindex="0"
                          >
                            -
                          </td>
                          <td
                            class="MuiTableCell-root MuiTableCell-body MuiTableCell-alignLeft MuiTableCell-sizeMedium css-1vi340w-MuiTableCell-root"
                            data-index="3"
                            tabindex="0"
                          >
                            <h6
                              aria-label="The fridge broke and does not work anymore."
                              class="MuiTypography-root MuiTypography-subtitle2 MuiTypography-noWrap css-ebmj81-MuiTypography-root"
                              data-mui-internal-clone-element="true"
                            >
                              The fridge broke and does not work anymore.
                            </h6>
                          </td>
                          <td
                            class="MuiTableCell-root MuiTableCell-body MuiTableCell-alignLeft MuiTableCell-sizeMedium css-13kykzi-MuiTableCell-root"
                            data-index="4"
                            tabindex="0"
                          >
                            <h6
                              class="MuiTypography-root MuiTypography-subtitle2 css-1tspyaz-MuiTypography-root"
                            >
                              testUserEmail@gmail.com
                            </h6>
                          </td>
                          <td
                            class="MuiTableCell-root MuiTableCell-body MuiTableCell-alignLeft MuiTableCell-sizeMedium css-776lfi-MuiTableCell-root"
                            data-index="5"
                            tabindex="0"
                          >
                            2026-06-10 21:18:30
                          </td>
                        </tr>
                        <tr
                          class="MuiTableRow-root Mui-TableBodyCell-DetailPanel css-1ur8psu-MuiTableRow-root"
                          data-index="1"
                        >
                          <td
                            class="MuiTableCell-root MuiTableCell-body MuiTableCell-sizeMedium Mui-TableBodyCell-DetailPanel css-1bqrqyj-MuiTableCell-root"
                            colspan="6"
                          />
                        </tr>
                      </tbody>
                    </table>
                  </div>
                  <div
                    class="MuiBox-root css-161u6l"
                  >
                    <div
                      class="MuiBox-root css-1llu0od"
                    >
                      <span />
                      <div
                        class="MuiBox-root css-qpxlqp"
                      >
                        <div
                          class="MuiTablePagination-root MuiBox-root css-8k4lth"
                        >
                          <div
                            class="MuiBox-root css-exd1zr"
                          >
                            <label
                              class="MuiFormLabel-root MuiInputLabel-root MuiInputLabel-animated MuiFormLabel-colorPrimary MuiInputLabel-root MuiInputLabel-animated css-1l4jewz-MuiFormLabel-root-MuiInputLabel-root"
                              for="mrt-rows-per-page-:r1:"
                            >
                              Rows per page
                            </label>
                            <div
                              class="MuiInputBase-root MuiInput-root MuiInputBase-colorPrimary MuiSelect-root css-lr2oep-MuiInputBase-root-MuiInput-root-MuiSelect-root"
                            >
                              <div
                                aria-expanded="false"
                                aria-haspopup="listbox"
                                aria-label="Rows per page"
                                class="MuiSelect-select MuiSelect-standard MuiInputBase-input MuiInput-input css-sfgwbn-MuiNativeSelect-root-MuiSelect-select-MuiInputBase-input-MuiInput-input"
                                role="combobox"
                                tabindex="0"
                              >
                                10
                              </div>
                              <input
                                aria-hidden="true"
                                aria-invalid="false"
                                class="MuiSelect-nativeInput css-j0riat-MuiSelect-nativeInput"
                                id="mrt-rows-per-page-:r1:"
                                tabindex="-1"
                                value="10"
                              />
                              <svg
                                aria-hidden="true"
                                class="MuiSvgIcon-root MuiSvgIcon-fontSizeMedium MuiSelect-icon MuiSelect-iconStandard css-ug7h84-MuiSvgIcon-root-MuiNativeSelect-root-MuiSelect-icon"
                                data-testid="ArrowDropDownIcon"
                                focusable="false"
                                viewBox="0 0 24 24"
                              >
                                <path
                                  d="M7 10l5 5 5-5z"
                                />
                              </svg>
                            </div>
                          </div>
                          <span
                            class="MuiTypography-root MuiTypography-body2 MuiTypography-alignCenter css-6vlt0b-MuiTypography-root"
                            style="--Typography-textAlign: center;"
                          >
                            1-1 of 1
                          </span>
                          <div
                            class="MuiBox-root css-192dx0w"
                          >
                            <span
                              aria-label="Go to previous page"
                              class=""
                              data-mui-internal-clone-element="true"
                            >
                              <button
                                aria-label="Go to previous page"
                                class="MuiButtonBase-root Mui-disabled MuiIconButton-root Mui-disabled MuiIconButton-sizeSmall css-155wbr6-MuiButtonBase-root-MuiIconButton-root"
                                disabled=""
                                tabindex="-1"
                                type="button"
                              >
                                <svg
                                  aria-hidden="true"
                                  class="MuiSvgIcon-root MuiSvgIcon-fontSizeMedium css-1umw9bq-MuiSvgIcon-root"
                                  data-testid="ChevronLeftIcon"
                                  focusable="false"
                                  viewBox="0 0 24 24"
                                >
                                  <path
                                    d="M15.41 7.41 14 6l-6 6 6 6 1.41-1.41L10.83 12z"
                                  />
                                </svg>
                              </button>
                            </span>
                            <span
                              aria-label="Go to next page"
                              class=""
                              data-mui-internal-clone-element="true"
                            >
                              <button
                                aria-label="Go to next page"
                                class="MuiButtonBase-root Mui-disabled MuiIconButton-root Mui-disabled MuiIconButton-sizeSmall css-155wbr6-MuiButtonBase-root-MuiIconButton-root"
                                disabled=""
                                tabindex="-1"
                                type="button"
                              >
                                <svg
                                  aria-hidden="true"
                                  class="MuiSvgIcon-root MuiSvgIcon-fontSizeMedium css-1umw9bq-MuiSvgIcon-root"
                                  data-testid="ChevronRightIcon"
                                  focusable="false"
                                  viewBox="0 0 24 24"
                                >
                                  <path
                                    d="M10 6 8.59 7.41 13.17 12l-4.58 4.59L10 18l6-6z"
                                  />
                                </svg>
                              </button>
                            </span>
                          </div>
                        </div>
                      </div>
                    </div>
                  </div>
                </div>
              </div>
            </div>
          </div>
        </div>
      </div>
      <div
        class="MuiGrid-root MuiGrid-direction-xs-row MuiGrid-grid-xs-12 MuiGrid-grid-md-4 css-xur2zb-MuiGrid-root"
      >
        <div
          data-testid="owner-card"
        />
        <div
          data-testid="property-details"
        />
      </div>
    </div>
  </div>
</div>
`;
